<html>
<body>
<pre>
<h1>µVision Build Log</h1>
<h2>Tool Versions:</h2>
IDE-Version: ¦ÌVision V5.15
Copyright (C) 2015 ARM Ltd and ARM Germany GmbH. All rights reserved.
License Information: 1 2, 3, LIC=TA330-BBGLD-BW52G-V1FZ9-7ZGPR-AGWXZ
 
Tool Versions:
Toolchain:       MDK-ARM Professional  Version: 5.15.0
Toolchain Path:  D:\Keil_v5\ARM\ARMCC\Bin
C Compiler:      Armcc.exe V5.05 update 2 (build 169)
Assembler:       Armasm.exe V5.05 update 2 (build 169)
Linker/Locator:  ArmLink.exe V5.05 update 2 (build 169)
Library Manager: ArmAr.exe V5.05 update 2 (build 169)
Hex Converter:   FromElf.exe V5.05 update 2 (build 169)
CPU DLL:         SARMCM3.DLL V5.15.0
Dialog DLL:      DCM.DLL V1.13.2.0
Target DLL:      STLink\ST-LINKIII-KEIL_SWO.dll V2.0.15.0_KEIL
Dialog DLL:      TCM.DLL V1.14.5.0
 
<h2>Project:</h2>
C:\Users\admin\Desktop\ICP_mine1.2\MDK-ARM\ICP_mine1.2.uvprojx
Project File Date:  03/04/2018

<h2>Output:</h2>
*** Using Compiler 'V5.05 update 2 (build 169)', folder: 'D:\Keil_v5\ARM\ARMCC\Bin'
Rebuild target 'ICP_mine1.2'
compiling event_groups.c...
compiling port.c...
compiling queue.c...
compiling cmsis_os.c...
compiling heap_4.c...
compiling list.c...
compiling tasks.c...
compiling croutine.c...
compiling timers.c...
compiling freertos.c...
../Src/freertos.c(130): warning:  #550-D: variable "res_getstate" was set but never used
      int res_getstate = 0;
../Src/freertos.c: 1 warning, 0 errors
compiling stm32f4xx_hal_timebase_TIM.c...
compiling usart.c...
compiling stm32f4xx_it.c...
compiling tim.c...
compiling gpio.c...
compiling main.c...
compiling stm32f4xx_hal_msp.c...
compiling adc.c...
compiling spi.c...
compiling dma.c...
compiling system_stm32f4xx.c...
assembling startup_stm32f405xx.s...
compiling stm32f4xx_hal_pwr_ex.c...
compiling stm32f4xx_hal_adc.c...
compiling stm32f4xx_hal_dma.c...
compiling stm32f4xx_hal_tim.c...
compiling stm32f4xx_hal_dma_ex.c...
compiling stm32f4xx_hal_rcc.c...
compiling stm32f4xx_hal_flash_ramfunc.c...
compiling stm32f4xx_hal_uart.c...
compiling stm32f4xx_hal_rcc_ex.c...
compiling stm32f4xx_hal_spi.c...
compiling stm32f4xx_hal_flash.c...
compiling stm32f4xx_hal_flash_ex.c...
compiling stm32f4xx_hal.c...
compiling stm32f4xx_hal_adc_ex.c...
compiling stm32f4xx_hal_cortex.c...
compiling stm32f4xx_hal_tim_ex.c...
compiling stm32f4xx_hal_gpio.c...
compiling stm32f4xx_hal_pwr.c...
compiling bsp.c...
compiling rw_lib_platform_os.c...
..\RAKSDK\rw_lib\rw_lib_platform_os.c(233): warning:  #550-D: variable "status" was set but never used
    HAL_StatusTypeDef status = HAL_OK;
..\RAKSDK\rw_lib\rw_lib_platform_os.c: 1 warning, 0 errors
compiling rw_os.c...
compiling ap_sta.c...
compiling tcp_udp.c...
..\RAKSDK\examples_os\tcp_udp.c(229): warning:  #167-D: argument of type "socklen_t *" is incompatible with parameter of type "int *"
        sockfd = accept(sever_fd, (SOCKADDR_IN *)&new_tcpinfo,  (socklen_t*)&info_size);   //the socket as non blocking
..\RAKSDK\examples_os\tcp_udp.c(610): warning:  #940-D: missing return statement at end of non-void function "creat_tcpcTask"
  }
..\RAKSDK\examples_os\tcp_udp.c: 2 warnings, 0 errors
compiling ad7606.c...
..\Hardware\AD7606\ad7606.c(89): warning:  #550-D: variable "status" was set but never used
        HAL_StatusTypeDef status = HAL_OK;
..\Hardware\AD7606\ad7606.c: 1 warning, 0 errors
linking...
Program Size: Code=53744 RO-data=1780 RW-data=188 ZI-data=105348  
"ICP_mine1.2\ICP_mine1.2" - 0 Error(s), 5 Warning(s).

<h2>Software Packages used:</h2>

Package Vendor: ARM
                http://www.keil.com/pack/ARM.CMSIS.4.3.0.pack
                ARM::CMSIS:CORE:4.1.0
                CMSIS (Cortex Microcontroller Software Interface Standard)
   * Component: CORE Version: 4.1.0

<h2>Collection of Component include folders:</h2>
  C:\Users\admin\Desktop\ICP_mine1.2\MDK-ARM\RTE
  D:\Keil_v5\ARM\PACK\ARM\CMSIS\4.3.0\CMSIS\Include
  D:\Keil_v5\ARM\PACK\Keil\STM32F4xx_DFP\2.11.0\Drivers\CMSIS\Device\ST\STM32F4xx\Include

<h2>Collection of Component Files used:</h2>

   * Component: ARM::CMSIS:CORE:4.1.0
</pre>
</body>
</html>
