<!doctype html public "-//w3c//dtd html 4.0 transitional//en">
<html><head>
<title>Static Call Graph - [ICP_mine1.2\ICP_mine1.2]</title></head>
<body><HR>
<H1>Static Call Graph for image ICP_mine1.2\ICP_mine1.2</H1><HR>
<BR><P>#&#060CALLGRAPH&#062# ARM Linker, 5050169: Last Updated: Tue Mar 13 18:57:00 2018
<BR><P>
<H3>Maximum Stack Usage =        832 bytes + Unknown(Cycles, Untraceable Function Pointers)</H3><H3>
Call chain for Maximum Stack Depth:</H3>
StartAppTask &rArr; test_netWorkTask &rArr; rw_network_startSTA &rArr; rw_network_init &rArr; rw_wlanConnect &rArr; _set_str_pmk &rArr; ath_ioctl_handler &rArr; Api_ConnectWiFi &rArr; wmi_connect_cmd &rArr; wmi_cmd_send &rArr; Api_WmiTxStart &rArr; Driver_SubmitTxRequestNoBlock &rArr; driver_lock_mutex &rArr; rw_lock_mutex &rArr; osMutexWait &rArr; xQueueGenericReceive &rArr; xTaskResumeAll &rArr; xTaskIncrementTick
<P>
<H3>
Mutually Recursive functions
</H3> <LI><a href="#[31]">ADC_IRQHandler</a>&nbsp;&nbsp;&nbsp;&rArr;&nbsp;&nbsp;&nbsp;<a href="#[31]">ADC_IRQHandler</a><BR>
 <LI><a href="#[19]">BusFault_Handler</a>&nbsp;&nbsp;&nbsp;&rArr;&nbsp;&nbsp;&nbsp;<a href="#[19]">BusFault_Handler</a><BR>
 <LI><a href="#[17]">HardFault_Handler</a>&nbsp;&nbsp;&nbsp;&rArr;&nbsp;&nbsp;&nbsp;<a href="#[17]">HardFault_Handler</a><BR>
 <LI><a href="#[18]">MemManage_Handler</a>&nbsp;&nbsp;&nbsp;&rArr;&nbsp;&nbsp;&nbsp;<a href="#[18]">MemManage_Handler</a><BR>
 <LI><a href="#[14f]">MaskSPIInterrupts</a>&nbsp;&nbsp;&nbsp;&rArr;&nbsp;&nbsp;&nbsp;<a href="#[153]">Hcd_UnmaskSPIInterrupts</a><BR>
 <LI><a href="#[1a]">UsageFault_Handler</a>&nbsp;&nbsp;&nbsp;&rArr;&nbsp;&nbsp;&nbsp;<a href="#[1a]">UsageFault_Handler</a><BR>
</UL>
<P>
<H3>
Function Pointers
</H3><UL>
 <LI><a href="#[31]">ADC_IRQHandler</a> from startup_stm32f405xx.o(.text) referenced from startup_stm32f405xx.o(RESET)
 <LI><a href="#[71]">Atheros_Driver_Task</a> from cust_driver_main.o(i.Atheros_Driver_Task) referenced from cust_driver_main.o(i.Custom_Driver_CreateThread)
 <LI><a href="#[19]">BusFault_Handler</a> from stm32f4xx_it.o(i.BusFault_Handler) referenced from startup_stm32f405xx.o(RESET)
 <LI><a href="#[33]">CAN1_RX0_IRQHandler</a> from startup_stm32f405xx.o(.text) referenced from startup_stm32f405xx.o(RESET)
 <LI><a href="#[34]">CAN1_RX1_IRQHandler</a> from startup_stm32f405xx.o(.text) referenced from startup_stm32f405xx.o(RESET)
 <LI><a href="#[35]">CAN1_SCE_IRQHandler</a> from startup_stm32f405xx.o(.text) referenced from startup_stm32f405xx.o(RESET)
 <LI><a href="#[32]">CAN1_TX_IRQHandler</a> from startup_stm32f405xx.o(.text) referenced from startup_stm32f405xx.o(RESET)
 <LI><a href="#[5d]">CAN2_RX0_IRQHandler</a> from startup_stm32f405xx.o(.text) referenced from startup_stm32f405xx.o(RESET)
 <LI><a href="#[5e]">CAN2_RX1_IRQHandler</a> from startup_stm32f405xx.o(.text) referenced from startup_stm32f405xx.o(RESET)
 <LI><a href="#[5f]">CAN2_SCE_IRQHandler</a> from startup_stm32f405xx.o(.text) referenced from startup_stm32f405xx.o(RESET)
 <LI><a href="#[5c]">CAN2_TX_IRQHandler</a> from startup_stm32f405xx.o(.text) referenced from startup_stm32f405xx.o(RESET)
 <LI><a href="#[9]">CDC_Control_FS</a> from usbd_cdc_if.o(i.CDC_Control_FS) referenced 2 times from usbd_cdc_if.o(.data)
 <LI><a href="#[8]">CDC_DeInit_FS</a> from usbd_cdc_if.o(i.CDC_DeInit_FS) referenced 2 times from usbd_cdc_if.o(.data)
 <LI><a href="#[7]">CDC_Init_FS</a> from usbd_cdc_if.o(i.CDC_Init_FS) referenced 2 times from usbd_cdc_if.o(.data)
 <LI><a href="#[a]">CDC_Receive_FS</a> from usbd_cdc_if.o(i.CDC_Receive_FS) referenced 2 times from usbd_cdc_if.o(.data)
 <LI><a href="#[72]">Custom_FreeRxRequest</a> from cust_driver_main.o(i.Custom_FreeRxRequest) referenced from cust_driver_main.o(i.Custom_GetRxRequest)
 <LI><a href="#[2a]">DMA1_Stream0_IRQHandler</a> from startup_stm32f405xx.o(.text) referenced from startup_stm32f405xx.o(RESET)
 <LI><a href="#[2b]">DMA1_Stream1_IRQHandler</a> from startup_stm32f405xx.o(.text) referenced from startup_stm32f405xx.o(RESET)
 <LI><a href="#[2c]">DMA1_Stream2_IRQHandler</a> from startup_stm32f405xx.o(.text) referenced from startup_stm32f405xx.o(RESET)
 <LI><a href="#[2d]">DMA1_Stream3_IRQHandler</a> from startup_stm32f405xx.o(.text) referenced from startup_stm32f405xx.o(RESET)
 <LI><a href="#[2e]">DMA1_Stream4_IRQHandler</a> from startup_stm32f405xx.o(.text) referenced from startup_stm32f405xx.o(RESET)
 <LI><a href="#[2f]">DMA1_Stream5_IRQHandler</a> from startup_stm32f405xx.o(.text) referenced from startup_stm32f405xx.o(RESET)
 <LI><a href="#[30]">DMA1_Stream6_IRQHandler</a> from startup_stm32f405xx.o(.text) referenced from startup_stm32f405xx.o(RESET)
 <LI><a href="#[4e]">DMA1_Stream7_IRQHandler</a> from startup_stm32f405xx.o(.text) referenced from startup_stm32f405xx.o(RESET)
 <LI><a href="#[57]">DMA2_Stream0_IRQHandler</a> from startup_stm32f405xx.o(.text) referenced from startup_stm32f405xx.o(RESET)
 <LI><a href="#[58]">DMA2_Stream1_IRQHandler</a> from startup_stm32f405xx.o(.text) referenced from startup_stm32f405xx.o(RESET)
 <LI><a href="#[59]">DMA2_Stream2_IRQHandler</a> from startup_stm32f405xx.o(.text) referenced from startup_stm32f405xx.o(RESET)
 <LI><a href="#[5a]">DMA2_Stream3_IRQHandler</a> from stm32f4xx_it.o(i.DMA2_Stream3_IRQHandler) referenced from startup_stm32f405xx.o(RESET)
 <LI><a href="#[5b]">DMA2_Stream4_IRQHandler</a> from startup_stm32f405xx.o(.text) referenced from startup_stm32f405xx.o(RESET)
 <LI><a href="#[61]">DMA2_Stream5_IRQHandler</a> from startup_stm32f405xx.o(.text) referenced from startup_stm32f405xx.o(RESET)
 <LI><a href="#[62]">DMA2_Stream6_IRQHandler</a> from stm32f4xx_it.o(i.DMA2_Stream6_IRQHandler) referenced from startup_stm32f405xx.o(RESET)
 <LI><a href="#[63]">DMA2_Stream7_IRQHandler</a> from startup_stm32f405xx.o(.text) referenced from startup_stm32f405xx.o(RESET)
 <LI><a href="#[1c]">DebugMon_Handler</a> from stm32f4xx_it.o(i.DebugMon_Handler) referenced from startup_stm32f405xx.o(RESET)
 <LI><a href="#[73]">Driver_RxComplete</a> from driver_txrx.o(i.Driver_RxComplete) referenced from driver_main.o(i.Driver_RxReady)
 <LI><a href="#[74]">Driver_TxComplete</a> from driver_txrx.o(i.Driver_TxComplete) referenced from driver_txrx.o(i.Driver_SubmitTxRequest)
 <LI><a href="#[74]">Driver_TxComplete</a> from driver_txrx.o(i.Driver_TxComplete) referenced from driver_txrx.o(i.Driver_SubmitTxRequestNoBlock)
 <LI><a href="#[25]">EXTI0_IRQHandler</a> from startup_stm32f405xx.o(.text) referenced from startup_stm32f405xx.o(RESET)
 <LI><a href="#[47]">EXTI15_10_IRQHandler</a> from startup_stm32f405xx.o(.text) referenced from startup_stm32f405xx.o(RESET)
 <LI><a href="#[26]">EXTI1_IRQHandler</a> from startup_stm32f405xx.o(.text) referenced from startup_stm32f405xx.o(RESET)
 <LI><a href="#[27]">EXTI2_IRQHandler</a> from startup_stm32f405xx.o(.text) referenced from startup_stm32f405xx.o(RESET)
 <LI><a href="#[28]">EXTI3_IRQHandler</a> from startup_stm32f405xx.o(.text) referenced from startup_stm32f405xx.o(RESET)
 <LI><a href="#[29]">EXTI4_IRQHandler</a> from stm32f4xx_it.o(i.EXTI4_IRQHandler) referenced from startup_stm32f405xx.o(RESET)
 <LI><a href="#[36]">EXTI9_5_IRQHandler</a> from stm32f4xx_it.o(i.EXTI9_5_IRQHandler) referenced from startup_stm32f405xx.o(RESET)
 <LI><a href="#[23]">FLASH_IRQHandler</a> from startup_stm32f405xx.o(.text) referenced from startup_stm32f405xx.o(RESET)
 <LI><a href="#[4f]">FMC_IRQHandler</a> from startup_stm32f405xx.o(.text) referenced from startup_stm32f405xx.o(RESET)
 <LI><a href="#[6c]">FPU_IRQHandler</a> from startup_stm32f405xx.o(.text) referenced from startup_stm32f405xx.o(RESET)
 <LI><a href="#[6b]">HASH_RNG_IRQHandler</a> from startup_stm32f405xx.o(.text) referenced from startup_stm32f405xx.o(RESET)
 <LI><a href="#[17]">HardFault_Handler</a> from stm32f4xx_it.o(i.HardFault_Handler) referenced from startup_stm32f405xx.o(RESET)
 <LI><a href="#[3f]">I2C1_ER_IRQHandler</a> from startup_stm32f405xx.o(.text) referenced from startup_stm32f405xx.o(RESET)
 <LI><a href="#[3e]">I2C1_EV_IRQHandler</a> from startup_stm32f405xx.o(.text) referenced from startup_stm32f405xx.o(RESET)
 <LI><a href="#[41]">I2C2_ER_IRQHandler</a> from startup_stm32f405xx.o(.text) referenced from startup_stm32f405xx.o(RESET)
 <LI><a href="#[40]">I2C2_EV_IRQHandler</a> from startup_stm32f405xx.o(.text) referenced from startup_stm32f405xx.o(RESET)
 <LI><a href="#[66]">I2C3_ER_IRQHandler</a> from startup_stm32f405xx.o(.text) referenced from startup_stm32f405xx.o(RESET)
 <LI><a href="#[65]">I2C3_EV_IRQHandler</a> from startup_stm32f405xx.o(.text) referenced from startup_stm32f405xx.o(RESET)
 <LI><a href="#[18]">MemManage_Handler</a> from stm32f4xx_it.o(i.MemManage_Handler) referenced from startup_stm32f405xx.o(RESET)
 <LI><a href="#[16]">NMI_Handler</a> from stm32f4xx_it.o(i.NMI_Handler) referenced from startup_stm32f405xx.o(RESET)
 <LI><a href="#[60]">OTG_FS_IRQHandler</a> from stm32f4xx_it.o(i.OTG_FS_IRQHandler) referenced from startup_stm32f405xx.o(RESET)
 <LI><a href="#[49]">OTG_FS_WKUP_IRQHandler</a> from startup_stm32f405xx.o(.text) referenced from startup_stm32f405xx.o(RESET)
 <LI><a href="#[68]">OTG_HS_EP1_IN_IRQHandler</a> from startup_stm32f405xx.o(.text) referenced from startup_stm32f405xx.o(RESET)
 <LI><a href="#[67]">OTG_HS_EP1_OUT_IRQHandler</a> from startup_stm32f405xx.o(.text) referenced from startup_stm32f405xx.o(RESET)
 <LI><a href="#[6a]">OTG_HS_IRQHandler</a> from startup_stm32f405xx.o(.text) referenced from startup_stm32f405xx.o(RESET)
 <LI><a href="#[69]">OTG_HS_WKUP_IRQHandler</a> from startup_stm32f405xx.o(.text) referenced from startup_stm32f405xx.o(RESET)
 <LI><a href="#[20]">PVD_IRQHandler</a> from startup_stm32f405xx.o(.text) referenced from startup_stm32f405xx.o(RESET)
 <LI><a href="#[1d]">PendSV_Handler</a> from port.o(.emb_text) referenced from startup_stm32f405xx.o(RESET)
 <LI><a href="#[7c]">RAK_TcpClient_EventHandle1</a> from my_task.o(i.RAK_TcpClient_EventHandle1) referenced from my_task.o(i.creat_tcpcTask1)
 <LI><a href="#[24]">RCC_IRQHandler</a> from startup_stm32f405xx.o(.text) referenced from startup_stm32f405xx.o(RESET)
 <LI><a href="#[48]">RTC_Alarm_IRQHandler</a> from startup_stm32f405xx.o(.text) referenced from startup_stm32f405xx.o(RESET)
 <LI><a href="#[22]">RTC_WKUP_IRQHandler</a> from startup_stm32f405xx.o(.text) referenced from startup_stm32f405xx.o(RESET)
 <LI><a href="#[15]">Reset_Handler</a> from startup_stm32f405xx.o(.text) referenced from startup_stm32f405xx.o(RESET)
 <LI><a href="#[50]">SDIO_IRQHandler</a> from stm32f4xx_it.o(i.SDIO_IRQHandler) referenced from startup_stm32f405xx.o(RESET)
 <LI><a href="#[78]">SD_DMAError</a> from stm32f4xx_hal_sd.o(i.SD_DMAError) referenced from stm32f4xx_hal_sd.o(i.HAL_SD_ReadBlocks_DMA)
 <LI><a href="#[78]">SD_DMAError</a> from stm32f4xx_hal_sd.o(i.SD_DMAError) referenced from stm32f4xx_hal_sd.o(i.HAL_SD_WriteBlocks_DMA)
 <LI><a href="#[77]">SD_DMAReceiveCplt</a> from stm32f4xx_hal_sd.o(i.SD_DMAReceiveCplt) referenced from stm32f4xx_hal_sd.o(i.HAL_SD_ReadBlocks_DMA)
 <LI><a href="#[76]">SD_DMARxAbort</a> from stm32f4xx_hal_sd.o(i.SD_DMARxAbort) referenced from stm32f4xx_hal_sd.o(i.HAL_SD_IRQHandler)
 <LI><a href="#[79]">SD_DMATransmitCplt</a> from stm32f4xx_hal_sd.o(i.SD_DMATransmitCplt) referenced from stm32f4xx_hal_sd.o(i.HAL_SD_WriteBlocks_DMA)
 <LI><a href="#[75]">SD_DMATxAbort</a> from stm32f4xx_hal_sd.o(i.SD_DMATxAbort) referenced from stm32f4xx_hal_sd.o(i.HAL_SD_IRQHandler)
 <LI><a href="#[90]">SD_initialize</a> from sd_diskio.o(i.SD_initialize) referenced from sd_diskio.o(.constdata)
 <LI><a href="#[94]">SD_ioctl</a> from sd_diskio.o(i.SD_ioctl) referenced from sd_diskio.o(.constdata)
 <LI><a href="#[92]">SD_read</a> from sd_diskio.o(i.SD_read) referenced from sd_diskio.o(.constdata)
 <LI><a href="#[91]">SD_status</a> from sd_diskio.o(i.SD_status) referenced from sd_diskio.o(.constdata)
 <LI><a href="#[93]">SD_write</a> from sd_diskio.o(i.SD_write) referenced from sd_diskio.o(.constdata)
 <LI><a href="#[42]">SPI1_IRQHandler</a> from startup_stm32f405xx.o(.text) referenced from startup_stm32f405xx.o(RESET)
 <LI><a href="#[43]">SPI2_IRQHandler</a> from startup_stm32f405xx.o(.text) referenced from startup_stm32f405xx.o(RESET)
 <LI><a href="#[52]">SPI3_IRQHandler</a> from startup_stm32f405xx.o(.text) referenced from startup_stm32f405xx.o(RESET)
 <LI><a href="#[1b]">SVC_Handler</a> from port.o(.emb_text) referenced from startup_stm32f405xx.o(RESET)
 <LI><a href="#[8d]">StartAppTask</a> from my_task.o(i.StartAppTask) referenced from freertos.o(.constdata)
 <LI><a href="#[8c]">StartDefaultTask</a> from my_task.o(i.StartDefaultTask) referenced from freertos.o(.constdata)
 <LI><a href="#[8f]">StartInquireTask</a> from my_task.o(i.StartInquireTask) referenced from freertos.o(.constdata)
 <LI><a href="#[8e]">StartTest_Task</a> from my_task.o(i.StartTest_Task) referenced from freertos.o(.constdata)
 <LI><a href="#[1e]">SysTick_Handler</a> from stm32f4xx_it.o(i.SysTick_Handler) referenced from startup_stm32f405xx.o(RESET)
 <LI><a href="#[6e]">SystemInit</a> from system_stm32f4xx.o(i.SystemInit) referenced from startup_stm32f405xx.o(.text)
 <LI><a href="#[21]">TAMP_STAMP_IRQHandler</a> from startup_stm32f405xx.o(.text) referenced from startup_stm32f405xx.o(RESET)
 <LI><a href="#[37]">TIM1_BRK_TIM9_IRQHandler</a> from startup_stm32f405xx.o(.text) referenced from startup_stm32f405xx.o(RESET)
 <LI><a href="#[3a]">TIM1_CC_IRQHandler</a> from startup_stm32f405xx.o(.text) referenced from startup_stm32f405xx.o(RESET)
 <LI><a href="#[39]">TIM1_TRG_COM_TIM11_IRQHandler</a> from startup_stm32f405xx.o(.text) referenced from startup_stm32f405xx.o(RESET)
 <LI><a href="#[38]">TIM1_UP_TIM10_IRQHandler</a> from stm32f4xx_it.o(i.TIM1_UP_TIM10_IRQHandler) referenced from startup_stm32f405xx.o(RESET)
 <LI><a href="#[3b]">TIM2_IRQHandler</a> from startup_stm32f405xx.o(.text) referenced from startup_stm32f405xx.o(RESET)
 <LI><a href="#[3c]">TIM3_IRQHandler</a> from stm32f4xx_it.o(i.TIM3_IRQHandler) referenced from startup_stm32f405xx.o(RESET)
 <LI><a href="#[3d]">TIM4_IRQHandler</a> from startup_stm32f405xx.o(.text) referenced from startup_stm32f405xx.o(RESET)
 <LI><a href="#[51]">TIM5_IRQHandler</a> from startup_stm32f405xx.o(.text) referenced from startup_stm32f405xx.o(RESET)
 <LI><a href="#[55]">TIM6_DAC_IRQHandler</a> from startup_stm32f405xx.o(.text) referenced from startup_stm32f405xx.o(RESET)
 <LI><a href="#[56]">TIM7_IRQHandler</a> from startup_stm32f405xx.o(.text) referenced from startup_stm32f405xx.o(RESET)
 <LI><a href="#[4a]">TIM8_BRK_TIM12_IRQHandler</a> from startup_stm32f405xx.o(.text) referenced from startup_stm32f405xx.o(RESET)
 <LI><a href="#[4d]">TIM8_CC_IRQHandler</a> from startup_stm32f405xx.o(.text) referenced from startup_stm32f405xx.o(RESET)
 <LI><a href="#[4c]">TIM8_TRG_COM_TIM14_IRQHandler</a> from startup_stm32f405xx.o(.text) referenced from startup_stm32f405xx.o(RESET)
 <LI><a href="#[4b]">TIM8_UP_TIM13_IRQHandler</a> from startup_stm32f405xx.o(.text) referenced from startup_stm32f405xx.o(RESET)
 <LI><a href="#[53]">UART4_IRQHandler</a> from startup_stm32f405xx.o(.text) referenced from startup_stm32f405xx.o(RESET)
 <LI><a href="#[54]">UART5_IRQHandler</a> from startup_stm32f405xx.o(.text) referenced from startup_stm32f405xx.o(RESET)
 <LI><a href="#[44]">USART1_IRQHandler</a> from startup_stm32f405xx.o(.text) referenced from startup_stm32f405xx.o(RESET)
 <LI><a href="#[45]">USART2_IRQHandler</a> from startup_stm32f405xx.o(.text) referenced from startup_stm32f405xx.o(RESET)
 <LI><a href="#[46]">USART3_IRQHandler</a> from startup_stm32f405xx.o(.text) referenced from startup_stm32f405xx.o(RESET)
 <LI><a href="#[64]">USART6_IRQHandler</a> from startup_stm32f405xx.o(.text) referenced from startup_stm32f405xx.o(RESET)
 <LI><a href="#[f]">USBD_CDC_DataIn</a> from usbd_cdc.o(i.USBD_CDC_DataIn) referenced 2 times from usbd_cdc.o(.data)
 <LI><a href="#[10]">USBD_CDC_DataOut</a> from usbd_cdc.o(i.USBD_CDC_DataOut) referenced 2 times from usbd_cdc.o(.data)
 <LI><a href="#[c]">USBD_CDC_DeInit</a> from usbd_cdc.o(i.USBD_CDC_DeInit) referenced 2 times from usbd_cdc.o(.data)
 <LI><a href="#[e]">USBD_CDC_EP0_RxReady</a> from usbd_cdc.o(i.USBD_CDC_EP0_RxReady) referenced 2 times from usbd_cdc.o(.data)
 <LI><a href="#[14]">USBD_CDC_GetDeviceQualifierDescriptor</a> from usbd_cdc.o(i.USBD_CDC_GetDeviceQualifierDescriptor) referenced 2 times from usbd_cdc.o(.data)
 <LI><a href="#[12]">USBD_CDC_GetFSCfgDesc</a> from usbd_cdc.o(i.USBD_CDC_GetFSCfgDesc) referenced 2 times from usbd_cdc.o(.data)
 <LI><a href="#[11]">USBD_CDC_GetHSCfgDesc</a> from usbd_cdc.o(i.USBD_CDC_GetHSCfgDesc) referenced 2 times from usbd_cdc.o(.data)
 <LI><a href="#[13]">USBD_CDC_GetOtherSpeedCfgDesc</a> from usbd_cdc.o(i.USBD_CDC_GetOtherSpeedCfgDesc) referenced 2 times from usbd_cdc.o(.data)
 <LI><a href="#[b]">USBD_CDC_Init</a> from usbd_cdc.o(i.USBD_CDC_Init) referenced 2 times from usbd_cdc.o(.data)
 <LI><a href="#[d]">USBD_CDC_Setup</a> from usbd_cdc.o(i.USBD_CDC_Setup) referenced 2 times from usbd_cdc.o(.data)
 <LI><a href="#[5]">USBD_FS_ConfigStrDescriptor</a> from usbd_desc.o(i.USBD_FS_ConfigStrDescriptor) referenced 2 times from usbd_desc.o(.data)
 <LI><a href="#[0]">USBD_FS_DeviceDescriptor</a> from usbd_desc.o(i.USBD_FS_DeviceDescriptor) referenced 2 times from usbd_desc.o(.data)
 <LI><a href="#[6]">USBD_FS_InterfaceStrDescriptor</a> from usbd_desc.o(i.USBD_FS_InterfaceStrDescriptor) referenced 2 times from usbd_desc.o(.data)
 <LI><a href="#[1]">USBD_FS_LangIDStrDescriptor</a> from usbd_desc.o(i.USBD_FS_LangIDStrDescriptor) referenced 2 times from usbd_desc.o(.data)
 <LI><a href="#[2]">USBD_FS_ManufacturerStrDescriptor</a> from usbd_desc.o(i.USBD_FS_ManufacturerStrDescriptor) referenced 2 times from usbd_desc.o(.data)
 <LI><a href="#[3]">USBD_FS_ProductStrDescriptor</a> from usbd_desc.o(i.USBD_FS_ProductStrDescriptor) referenced 2 times from usbd_desc.o(.data)
 <LI><a href="#[4]">USBD_FS_SerialStrDescriptor</a> from usbd_desc.o(i.USBD_FS_SerialStrDescriptor) referenced 2 times from usbd_desc.o(.data)
 <LI><a href="#[1a]">UsageFault_Handler</a> from stm32f4xx_it.o(i.UsageFault_Handler) referenced from startup_stm32f405xx.o(RESET)
 <LI><a href="#[1f]">WWDG_IRQHandler</a> from startup_stm32f405xx.o(.text) referenced from startup_stm32f405xx.o(RESET)
 <LI><a href="#[6f]">__main</a> from entry.o(.ARM.Collect$$$$00000000) referenced from startup_stm32f405xx.o(.text)
 <LI><a href="#[80]">_deinit_interface</a> from rw_lib_platform_os.o(i._deinit_interface) referenced from rw_lib_platform_os.o(i.wifi_init_params)
 <LI><a href="#[85]">_ext_interrupt</a> from rw_lib_platform_os.o(i._ext_interrupt) referenced from rw_lib_platform_os.o(i.wifi_init_params)
 <LI><a href="#[7f]">_init_interface</a> from rw_lib_platform_os.o(i._init_interface) referenced from rw_lib_platform_os.o(i.wifi_init_params)
 <LI><a href="#[81]">_power_up_down</a> from rw_lib_platform_os.o(i._power_up_down) referenced from rw_lib_platform_os.o(i.wifi_init_params)
 <LI><a href="#[82]">_spi_io_buffer</a> from rw_lib_platform_os.o(i._spi_io_buffer) referenced from rw_lib_platform_os.o(i.wifi_init_params)
 <LI><a href="#[7b]">_sputc</a> from printf8.o(i._sputc) referenced from printf8.o(i.__0sprintf$8)
 <LI><a href="#[89]">connect_callback</a> from rw_lib_platform_os.o(i.connect_callback) referenced from rw_lib_platform_os.o(i.wifi_init_params)
 <LI><a href="#[88]">customer_assert</a> from rw_lib_platform_os.o(i.customer_assert) referenced from rw_lib_platform_os.o(i.wifi_init_params)
 <LI><a href="#[83]">delay_ms</a> from rw_lib_platform_os.o(i.delay_ms) referenced from rw_lib_platform_os.o(i.wifi_init_params)
 <LI><a href="#[7a]">fputc</a> from bsp.o(i.fputc) referenced from printf8.o(i.__0printf$8)
 <LI><a href="#[84]">get_stamp</a> from rw_lib_platform_os.o(i.get_stamp) referenced from rw_lib_platform_os.o(i.wifi_init_params)
 <LI><a href="#[6d]">main</a> from main.o(i.main) referenced from entry9a.o(.ARM.Collect$$$$0000000B)
 <LI><a href="#[7e]">prvIdleTask</a> from tasks.o(i.prvIdleTask) referenced from tasks.o(i.vTaskStartScheduler)
 <LI><a href="#[7d]">prvTaskExitError</a> from port.o(i.prvTaskExitError) referenced from port.o(i.pxPortInitialiseStack)
 <LI><a href="#[87]">pvPortMalloc</a> from heap_4.o(i.pvPortMalloc) referenced from rw_lib_platform_os.o(i.wifi_init_params)
 <LI><a href="#[70]">query_credit_deficit</a> from api_txrx.o(i.query_credit_deficit) referenced from api_txrx.o(i.Api_TxGetStatus)
 <LI><a href="#[8a]">scan_callback</a> from rw_lib_platform_os.o(i.scan_callback) referenced from rw_lib_platform_os.o(i.wifi_init_params)
 <LI><a href="#[86]">vPortFree</a> from heap_4.o(i.vPortFree) referenced from rw_lib_platform_os.o(i.wifi_init_params)
 <LI><a href="#[8b]">wps_easy_callback</a> from rw_lib_platform_os.o(i.wps_easy_callback) referenced from rw_lib_platform_os.o(i.wifi_init_params)
</UL>
<P>
<H3>
Global Symbols
</H3>
<P><STRONG><a name="[6f]"></a>__main</STRONG> (Thumb, 0 bytes, Stack size unknown bytes, entry.o(.ARM.Collect$$$$00000000))
<BR>[Address Reference Count : 1]<UL><LI> startup_stm32f405xx.o(.text)
</UL>
<P><STRONG><a name="[351]"></a>_main_stk</STRONG> (Thumb, 0 bytes, Stack size unknown bytes, entry2.o(.ARM.Collect$$$$00000001))

<P><STRONG><a name="[95]"></a>_main_scatterload</STRONG> (Thumb, 0 bytes, Stack size unknown bytes, entry5.o(.ARM.Collect$$$$00000004))
<BR><BR>[Calls]<UL><LI><a href="#[96]">&gt;&gt;</a>&nbsp;&nbsp;&nbsp;__scatterload
</UL>

<P><STRONG><a name="[9e]"></a>__main_after_scatterload</STRONG> (Thumb, 0 bytes, Stack size unknown bytes, entry5.o(.ARM.Collect$$$$00000004))
<BR><BR>[Called By]<UL><LI><a href="#[96]">&gt;&gt;</a>&nbsp;&nbsp;&nbsp;__scatterload
</UL>

<P><STRONG><a name="[352]"></a>_main_clock</STRONG> (Thumb, 0 bytes, Stack size unknown bytes, entry7b.o(.ARM.Collect$$$$00000008))

<P><STRONG><a name="[353]"></a>_main_cpp_init</STRONG> (Thumb, 0 bytes, Stack size unknown bytes, entry8b.o(.ARM.Collect$$$$0000000A))

<P><STRONG><a name="[354]"></a>_main_init</STRONG> (Thumb, 0 bytes, Stack size unknown bytes, entry9a.o(.ARM.Collect$$$$0000000B))

<P><STRONG><a name="[355]"></a>__rt_final_cpp</STRONG> (Thumb, 0 bytes, Stack size unknown bytes, entry10a.o(.ARM.Collect$$$$0000000D))

<P><STRONG><a name="[356]"></a>__rt_final_exit</STRONG> (Thumb, 0 bytes, Stack size unknown bytes, entry11a.o(.ARM.Collect$$$$0000000F))

<P><STRONG><a name="[1b]"></a>SVC_Handler</STRONG> (Thumb, 28 bytes, Stack size 0 bytes, port.o(.emb_text))
<BR>[Address Reference Count : 1]<UL><LI> startup_stm32f405xx.o(RESET)
</UL>
<P><STRONG><a name="[34b]"></a>__asm___6_port_c_39a90d8d__prvStartFirstTask</STRONG> (Thumb, 28 bytes, Stack size 0 bytes, port.o(.emb_text))
<BR><BR>[Called By]<UL><LI><a href="#[333]">&gt;&gt;</a>&nbsp;&nbsp;&nbsp;xPortStartScheduler
</UL>

<P><STRONG><a name="[34a]"></a>__asm___6_port_c_39a90d8d__prvEnableVFP</STRONG> (Thumb, 16 bytes, Stack size 0 bytes, port.o(.emb_text))
<BR><BR>[Called By]<UL><LI><a href="#[333]">&gt;&gt;</a>&nbsp;&nbsp;&nbsp;xPortStartScheduler
</UL>

<P><STRONG><a name="[1d]"></a>PendSV_Handler</STRONG> (Thumb, 92 bytes, Stack size 0 bytes, port.o(.emb_text))
<BR><BR>[Stack]<UL><LI>Max Depth = 160<LI>Call Chain = PendSV_Handler &rArr; vTaskSwitchContext &rArr; vApplicationStackOverflowHook &rArr; osMutexWait &rArr; xQueueGenericReceive &rArr; xTaskResumeAll &rArr; xTaskIncrementTick
</UL>
<BR>[Calls]<UL><LI><a href="#[97]">&gt;&gt;</a>&nbsp;&nbsp;&nbsp;vTaskSwitchContext
</UL>
<BR>[Address Reference Count : 1]<UL><LI> startup_stm32f405xx.o(RESET)
</UL>
<P><STRONG><a name="[32d]"></a>vPortGetIPSR</STRONG> (Thumb, 6 bytes, Stack size 0 bytes, port.o(.emb_text))
<BR><BR>[Called By]<UL><LI><a href="#[32c]">&gt;&gt;</a>&nbsp;&nbsp;&nbsp;vPortValidateInterruptPriority
</UL>

<P><STRONG><a name="[15]"></a>Reset_Handler</STRONG> (Thumb, 8 bytes, Stack size 0 bytes, startup_stm32f405xx.o(.text))
<BR>[Address Reference Count : 1]<UL><LI> startup_stm32f405xx.o(RESET)
</UL>
<P><STRONG><a name="[31]"></a>ADC_IRQHandler</STRONG> (Thumb, 0 bytes, Stack size 0 bytes, startup_stm32f405xx.o(.text))
<BR><BR>[Calls]<UL><LI><a href="#[31]">&gt;&gt;</a>&nbsp;&nbsp;&nbsp;ADC_IRQHandler
</UL>
<BR>[Called By]<UL><LI><a href="#[31]">&gt;&gt;</a>&nbsp;&nbsp;&nbsp;ADC_IRQHandler
</UL>
<BR>[Address Reference Count : 1]<UL><LI> startup_stm32f405xx.o(RESET)
</UL>
<P><STRONG><a name="[33]"></a>CAN1_RX0_IRQHandler</STRONG> (Thumb, 0 bytes, Stack size 0 bytes, startup_stm32f405xx.o(.text))
<BR>[Address Reference Count : 1]<UL><LI> startup_stm32f405xx.o(RESET)
</UL>
<P><STRONG><a name="[34]"></a>CAN1_RX1_IRQHandler</STRONG> (Thumb, 0 bytes, Stack size 0 bytes, startup_stm32f405xx.o(.text))
<BR>[Address Reference Count : 1]<UL><LI> startup_stm32f405xx.o(RESET)
</UL>
<P><STRONG><a name="[35]"></a>CAN1_SCE_IRQHandler</STRONG> (Thumb, 0 bytes, Stack size 0 bytes, startup_stm32f405xx.o(.text))
<BR>[Address Reference Count : 1]<UL><LI> startup_stm32f405xx.o(RESET)
</UL>
<P><STRONG><a name="[32]"></a>CAN1_TX_IRQHandler</STRONG> (Thumb, 0 bytes, Stack size 0 bytes, startup_stm32f405xx.o(.text))
<BR>[Address Reference Count : 1]<UL><LI> startup_stm32f405xx.o(RESET)
</UL>
<P><STRONG><a name="[5d]"></a>CAN2_RX0_IRQHandler</STRONG> (Thumb, 0 bytes, Stack size 0 bytes, startup_stm32f405xx.o(.text))
<BR>[Address Reference Count : 1]<UL><LI> startup_stm32f405xx.o(RESET)
</UL>
<P><STRONG><a name="[5e]"></a>CAN2_RX1_IRQHandler</STRONG> (Thumb, 0 bytes, Stack size 0 bytes, startup_stm32f405xx.o(.text))
<BR>[Address Reference Count : 1]<UL><LI> startup_stm32f405xx.o(RESET)
</UL>
<P><STRONG><a name="[5f]"></a>CAN2_SCE_IRQHandler</STRONG> (Thumb, 0 bytes, Stack size 0 bytes, startup_stm32f405xx.o(.text))
<BR>[Address Reference Count : 1]<UL><LI> startup_stm32f405xx.o(RESET)
</UL>
<P><STRONG><a name="[5c]"></a>CAN2_TX_IRQHandler</STRONG> (Thumb, 0 bytes, Stack size 0 bytes, startup_stm32f405xx.o(.text))
<BR>[Address Reference Count : 1]<UL><LI> startup_stm32f405xx.o(RESET)
</UL>
<P><STRONG><a name="[2a]"></a>DMA1_Stream0_IRQHandler</STRONG> (Thumb, 0 bytes, Stack size 0 bytes, startup_stm32f405xx.o(.text))
<BR>[Address Reference Count : 1]<UL><LI> startup_stm32f405xx.o(RESET)
</UL>
<P><STRONG><a name="[2b]"></a>DMA1_Stream1_IRQHandler</STRONG> (Thumb, 0 bytes, Stack size 0 bytes, startup_stm32f405xx.o(.text))
<BR>[Address Reference Count : 1]<UL><LI> startup_stm32f405xx.o(RESET)
</UL>
<P><STRONG><a name="[2c]"></a>DMA1_Stream2_IRQHandler</STRONG> (Thumb, 0 bytes, Stack size 0 bytes, startup_stm32f405xx.o(.text))
<BR>[Address Reference Count : 1]<UL><LI> startup_stm32f405xx.o(RESET)
</UL>
<P><STRONG><a name="[2d]"></a>DMA1_Stream3_IRQHandler</STRONG> (Thumb, 0 bytes, Stack size 0 bytes, startup_stm32f405xx.o(.text))
<BR>[Address Reference Count : 1]<UL><LI> startup_stm32f405xx.o(RESET)
</UL>
<P><STRONG><a name="[2e]"></a>DMA1_Stream4_IRQHandler</STRONG> (Thumb, 0 bytes, Stack size 0 bytes, startup_stm32f405xx.o(.text))
<BR>[Address Reference Count : 1]<UL><LI> startup_stm32f405xx.o(RESET)
</UL>
<P><STRONG><a name="[2f]"></a>DMA1_Stream5_IRQHandler</STRONG> (Thumb, 0 bytes, Stack size 0 bytes, startup_stm32f405xx.o(.text))
<BR>[Address Reference Count : 1]<UL><LI> startup_stm32f405xx.o(RESET)
</UL>
<P><STRONG><a name="[30]"></a>DMA1_Stream6_IRQHandler</STRONG> (Thumb, 0 bytes, Stack size 0 bytes, startup_stm32f405xx.o(.text))
<BR>[Address Reference Count : 1]<UL><LI> startup_stm32f405xx.o(RESET)
</UL>
<P><STRONG><a name="[4e]"></a>DMA1_Stream7_IRQHandler</STRONG> (Thumb, 0 bytes, Stack size 0 bytes, startup_stm32f405xx.o(.text))
<BR>[Address Reference Count : 1]<UL><LI> startup_stm32f405xx.o(RESET)
</UL>
<P><STRONG><a name="[57]"></a>DMA2_Stream0_IRQHandler</STRONG> (Thumb, 0 bytes, Stack size 0 bytes, startup_stm32f405xx.o(.text))
<BR>[Address Reference Count : 1]<UL><LI> startup_stm32f405xx.o(RESET)
</UL>
<P><STRONG><a name="[58]"></a>DMA2_Stream1_IRQHandler</STRONG> (Thumb, 0 bytes, Stack size 0 bytes, startup_stm32f405xx.o(.text))
<BR>[Address Reference Count : 1]<UL><LI> startup_stm32f405xx.o(RESET)
</UL>
<P><STRONG><a name="[59]"></a>DMA2_Stream2_IRQHandler</STRONG> (Thumb, 0 bytes, Stack size 0 bytes, startup_stm32f405xx.o(.text))
<BR>[Address Reference Count : 1]<UL><LI> startup_stm32f405xx.o(RESET)
</UL>
<P><STRONG><a name="[5b]"></a>DMA2_Stream4_IRQHandler</STRONG> (Thumb, 0 bytes, Stack size 0 bytes, startup_stm32f405xx.o(.text))
<BR>[Address Reference Count : 1]<UL><LI> startup_stm32f405xx.o(RESET)
</UL>
<P><STRONG><a name="[61]"></a>DMA2_Stream5_IRQHandler</STRONG> (Thumb, 0 bytes, Stack size 0 bytes, startup_stm32f405xx.o(.text))
<BR>[Address Reference Count : 1]<UL><LI> startup_stm32f405xx.o(RESET)
</UL>
<P><STRONG><a name="[63]"></a>DMA2_Stream7_IRQHandler</STRONG> (Thumb, 0 bytes, Stack size 0 bytes, startup_stm32f405xx.o(.text))
<BR>[Address Reference Count : 1]<UL><LI> startup_stm32f405xx.o(RESET)
</UL>
<P><STRONG><a name="[25]"></a>EXTI0_IRQHandler</STRONG> (Thumb, 0 bytes, Stack size 0 bytes, startup_stm32f405xx.o(.text))
<BR>[Address Reference Count : 1]<UL><LI> startup_stm32f405xx.o(RESET)
</UL>
<P><STRONG><a name="[47]"></a>EXTI15_10_IRQHandler</STRONG> (Thumb, 0 bytes, Stack size 0 bytes, startup_stm32f405xx.o(.text))
<BR>[Address Reference Count : 1]<UL><LI> startup_stm32f405xx.o(RESET)
</UL>
<P><STRONG><a name="[26]"></a>EXTI1_IRQHandler</STRONG> (Thumb, 0 bytes, Stack size 0 bytes, startup_stm32f405xx.o(.text))
<BR>[Address Reference Count : 1]<UL><LI> startup_stm32f405xx.o(RESET)
</UL>
<P><STRONG><a name="[27]"></a>EXTI2_IRQHandler</STRONG> (Thumb, 0 bytes, Stack size 0 bytes, startup_stm32f405xx.o(.text))
<BR>[Address Reference Count : 1]<UL><LI> startup_stm32f405xx.o(RESET)
</UL>
<P><STRONG><a name="[28]"></a>EXTI3_IRQHandler</STRONG> (Thumb, 0 bytes, Stack size 0 bytes, startup_stm32f405xx.o(.text))
<BR>[Address Reference Count : 1]<UL><LI> startup_stm32f405xx.o(RESET)
</UL>
<P><STRONG><a name="[23]"></a>FLASH_IRQHandler</STRONG> (Thumb, 0 bytes, Stack size 0 bytes, startup_stm32f405xx.o(.text))
<BR>[Address Reference Count : 1]<UL><LI> startup_stm32f405xx.o(RESET)
</UL>
<P><STRONG><a name="[4f]"></a>FMC_IRQHandler</STRONG> (Thumb, 0 bytes, Stack size 0 bytes, startup_stm32f405xx.o(.text))
<BR>[Address Reference Count : 1]<UL><LI> startup_stm32f405xx.o(RESET)
</UL>
<P><STRONG><a name="[6c]"></a>FPU_IRQHandler</STRONG> (Thumb, 0 bytes, Stack size 0 bytes, startup_stm32f405xx.o(.text))
<BR>[Address Reference Count : 1]<UL><LI> startup_stm32f405xx.o(RESET)
</UL>
<P><STRONG><a name="[6b]"></a>HASH_RNG_IRQHandler</STRONG> (Thumb, 0 bytes, Stack size 0 bytes, startup_stm32f405xx.o(.text))
<BR>[Address Reference Count : 1]<UL><LI> startup_stm32f405xx.o(RESET)
</UL>
<P><STRONG><a name="[3f]"></a>I2C1_ER_IRQHandler</STRONG> (Thumb, 0 bytes, Stack size 0 bytes, startup_stm32f405xx.o(.text))
<BR>[Address Reference Count : 1]<UL><LI> startup_stm32f405xx.o(RESET)
</UL>
<P><STRONG><a name="[3e]"></a>I2C1_EV_IRQHandler</STRONG> (Thumb, 0 bytes, Stack size 0 bytes, startup_stm32f405xx.o(.text))
<BR>[Address Reference Count : 1]<UL><LI> startup_stm32f405xx.o(RESET)
</UL>
<P><STRONG><a name="[41]"></a>I2C2_ER_IRQHandler</STRONG> (Thumb, 0 bytes, Stack size 0 bytes, startup_stm32f405xx.o(.text))
<BR>[Address Reference Count : 1]<UL><LI> startup_stm32f405xx.o(RESET)
</UL>
<P><STRONG><a name="[40]"></a>I2C2_EV_IRQHandler</STRONG> (Thumb, 0 bytes, Stack size 0 bytes, startup_stm32f405xx.o(.text))
<BR>[Address Reference Count : 1]<UL><LI> startup_stm32f405xx.o(RESET)
</UL>
<P><STRONG><a name="[66]"></a>I2C3_ER_IRQHandler</STRONG> (Thumb, 0 bytes, Stack size 0 bytes, startup_stm32f405xx.o(.text))
<BR>[Address Reference Count : 1]<UL><LI> startup_stm32f405xx.o(RESET)
</UL>
<P><STRONG><a name="[65]"></a>I2C3_EV_IRQHandler</STRONG> (Thumb, 0 bytes, Stack size 0 bytes, startup_stm32f405xx.o(.text))
<BR>[Address Reference Count : 1]<UL><LI> startup_stm32f405xx.o(RESET)
</UL>
<P><STRONG><a name="[49]"></a>OTG_FS_WKUP_IRQHandler</STRONG> (Thumb, 0 bytes, Stack size 0 bytes, startup_stm32f405xx.o(.text))
<BR>[Address Reference Count : 1]<UL><LI> startup_stm32f405xx.o(RESET)
</UL>
<P><STRONG><a name="[68]"></a>OTG_HS_EP1_IN_IRQHandler</STRONG> (Thumb, 0 bytes, Stack size 0 bytes, startup_stm32f405xx.o(.text))
<BR>[Address Reference Count : 1]<UL><LI> startup_stm32f405xx.o(RESET)
</UL>
<P><STRONG><a name="[67]"></a>OTG_HS_EP1_OUT_IRQHandler</STRONG> (Thumb, 0 bytes, Stack size 0 bytes, startup_stm32f405xx.o(.text))
<BR>[Address Reference Count : 1]<UL><LI> startup_stm32f405xx.o(RESET)
</UL>
<P><STRONG><a name="[6a]"></a>OTG_HS_IRQHandler</STRONG> (Thumb, 0 bytes, Stack size 0 bytes, startup_stm32f405xx.o(.text))
<BR>[Address Reference Count : 1]<UL><LI> startup_stm32f405xx.o(RESET)
</UL>
<P><STRONG><a name="[69]"></a>OTG_HS_WKUP_IRQHandler</STRONG> (Thumb, 0 bytes, Stack size 0 bytes, startup_stm32f405xx.o(.text))
<BR>[Address Reference Count : 1]<UL><LI> startup_stm32f405xx.o(RESET)
</UL>
<P><STRONG><a name="[20]"></a>PVD_IRQHandler</STRONG> (Thumb, 0 bytes, Stack size 0 bytes, startup_stm32f405xx.o(.text))
<BR>[Address Reference Count : 1]<UL><LI> startup_stm32f405xx.o(RESET)
</UL>
<P><STRONG><a name="[24]"></a>RCC_IRQHandler</STRONG> (Thumb, 0 bytes, Stack size 0 bytes, startup_stm32f405xx.o(.text))
<BR>[Address Reference Count : 1]<UL><LI> startup_stm32f405xx.o(RESET)
</UL>
<P><STRONG><a name="[48]"></a>RTC_Alarm_IRQHandler</STRONG> (Thumb, 0 bytes, Stack size 0 bytes, startup_stm32f405xx.o(.text))
<BR>[Address Reference Count : 1]<UL><LI> startup_stm32f405xx.o(RESET)
</UL>
<P><STRONG><a name="[22]"></a>RTC_WKUP_IRQHandler</STRONG> (Thumb, 0 bytes, Stack size 0 bytes, startup_stm32f405xx.o(.text))
<BR>[Address Reference Count : 1]<UL><LI> startup_stm32f405xx.o(RESET)
</UL>
<P><STRONG><a name="[42]"></a>SPI1_IRQHandler</STRONG> (Thumb, 0 bytes, Stack size 0 bytes, startup_stm32f405xx.o(.text))
<BR>[Address Reference Count : 1]<UL><LI> startup_stm32f405xx.o(RESET)
</UL>
<P><STRONG><a name="[43]"></a>SPI2_IRQHandler</STRONG> (Thumb, 0 bytes, Stack size 0 bytes, startup_stm32f405xx.o(.text))
<BR>[Address Reference Count : 1]<UL><LI> startup_stm32f405xx.o(RESET)
</UL>
<P><STRONG><a name="[52]"></a>SPI3_IRQHandler</STRONG> (Thumb, 0 bytes, Stack size 0 bytes, startup_stm32f405xx.o(.text))
<BR>[Address Reference Count : 1]<UL><LI> startup_stm32f405xx.o(RESET)
</UL>
<P><STRONG><a name="[21]"></a>TAMP_STAMP_IRQHandler</STRONG> (Thumb, 0 bytes, Stack size 0 bytes, startup_stm32f405xx.o(.text))
<BR>[Address Reference Count : 1]<UL><LI> startup_stm32f405xx.o(RESET)
</UL>
<P><STRONG><a name="[37]"></a>TIM1_BRK_TIM9_IRQHandler</STRONG> (Thumb, 0 bytes, Stack size 0 bytes, startup_stm32f405xx.o(.text))
<BR>[Address Reference Count : 1]<UL><LI> startup_stm32f405xx.o(RESET)
</UL>
<P><STRONG><a name="[3a]"></a>TIM1_CC_IRQHandler</STRONG> (Thumb, 0 bytes, Stack size 0 bytes, startup_stm32f405xx.o(.text))
<BR>[Address Reference Count : 1]<UL><LI> startup_stm32f405xx.o(RESET)
</UL>
<P><STRONG><a name="[39]"></a>TIM1_TRG_COM_TIM11_IRQHandler</STRONG> (Thumb, 0 bytes, Stack size 0 bytes, startup_stm32f405xx.o(.text))
<BR>[Address Reference Count : 1]<UL><LI> startup_stm32f405xx.o(RESET)
</UL>
<P><STRONG><a name="[3b]"></a>TIM2_IRQHandler</STRONG> (Thumb, 0 bytes, Stack size 0 bytes, startup_stm32f405xx.o(.text))
<BR>[Address Reference Count : 1]<UL><LI> startup_stm32f405xx.o(RESET)
</UL>
<P><STRONG><a name="[3d]"></a>TIM4_IRQHandler</STRONG> (Thumb, 0 bytes, Stack size 0 bytes, startup_stm32f405xx.o(.text))
<BR>[Address Reference Count : 1]<UL><LI> startup_stm32f405xx.o(RESET)
</UL>
<P><STRONG><a name="[51]"></a>TIM5_IRQHandler</STRONG> (Thumb, 0 bytes, Stack size 0 bytes, startup_stm32f405xx.o(.text))
<BR>[Address Reference Count : 1]<UL><LI> startup_stm32f405xx.o(RESET)
</UL>
<P><STRONG><a name="[55]"></a>TIM6_DAC_IRQHandler</STRONG> (Thumb, 0 bytes, Stack size 0 bytes, startup_stm32f405xx.o(.text))
<BR>[Address Reference Count : 1]<UL><LI> startup_stm32f405xx.o(RESET)
</UL>
<P><STRONG><a name="[56]"></a>TIM7_IRQHandler</STRONG> (Thumb, 0 bytes, Stack size 0 bytes, startup_stm32f405xx.o(.text))
<BR>[Address Reference Count : 1]<UL><LI> startup_stm32f405xx.o(RESET)
</UL>
<P><STRONG><a name="[4a]"></a>TIM8_BRK_TIM12_IRQHandler</STRONG> (Thumb, 0 bytes, Stack size 0 bytes, startup_stm32f405xx.o(.text))
<BR>[Address Reference Count : 1]<UL><LI> startup_stm32f405xx.o(RESET)
</UL>
<P><STRONG><a name="[4d]"></a>TIM8_CC_IRQHandler</STRONG> (Thumb, 0 bytes, Stack size 0 bytes, startup_stm32f405xx.o(.text))
<BR>[Address Reference Count : 1]<UL><LI> startup_stm32f405xx.o(RESET)
</UL>
<P><STRONG><a name="[4c]"></a>TIM8_TRG_COM_TIM14_IRQHandler</STRONG> (Thumb, 0 bytes, Stack size 0 bytes, startup_stm32f405xx.o(.text))
<BR>[Address Reference Count : 1]<UL><LI> startup_stm32f405xx.o(RESET)
</UL>
<P><STRONG><a name="[4b]"></a>TIM8_UP_TIM13_IRQHandler</STRONG> (Thumb, 0 bytes, Stack size 0 bytes, startup_stm32f405xx.o(.text))
<BR>[Address Reference Count : 1]<UL><LI> startup_stm32f405xx.o(RESET)
</UL>
<P><STRONG><a name="[53]"></a>UART4_IRQHandler</STRONG> (Thumb, 0 bytes, Stack size 0 bytes, startup_stm32f405xx.o(.text))
<BR>[Address Reference Count : 1]<UL><LI> startup_stm32f405xx.o(RESET)
</UL>
<P><STRONG><a name="[54]"></a>UART5_IRQHandler</STRONG> (Thumb, 0 bytes, Stack size 0 bytes, startup_stm32f405xx.o(.text))
<BR>[Address Reference Count : 1]<UL><LI> startup_stm32f405xx.o(RESET)
</UL>
<P><STRONG><a name="[44]"></a>USART1_IRQHandler</STRONG> (Thumb, 0 bytes, Stack size 0 bytes, startup_stm32f405xx.o(.text))
<BR>[Address Reference Count : 1]<UL><LI> startup_stm32f405xx.o(RESET)
</UL>
<P><STRONG><a name="[45]"></a>USART2_IRQHandler</STRONG> (Thumb, 0 bytes, Stack size 0 bytes, startup_stm32f405xx.o(.text))
<BR>[Address Reference Count : 1]<UL><LI> startup_stm32f405xx.o(RESET)
</UL>
<P><STRONG><a name="[46]"></a>USART3_IRQHandler</STRONG> (Thumb, 0 bytes, Stack size 0 bytes, startup_stm32f405xx.o(.text))
<BR>[Address Reference Count : 1]<UL><LI> startup_stm32f405xx.o(RESET)
</UL>
<P><STRONG><a name="[64]"></a>USART6_IRQHandler</STRONG> (Thumb, 0 bytes, Stack size 0 bytes, startup_stm32f405xx.o(.text))
<BR>[Address Reference Count : 1]<UL><LI> startup_stm32f405xx.o(RESET)
</UL>
<P><STRONG><a name="[1f]"></a>WWDG_IRQHandler</STRONG> (Thumb, 0 bytes, Stack size 0 bytes, startup_stm32f405xx.o(.text))
<BR>[Address Reference Count : 1]<UL><LI> startup_stm32f405xx.o(RESET)
</UL>
<P><STRONG><a name="[98]"></a>__aeabi_uldivmod</STRONG> (Thumb, 98 bytes, Stack size 40 bytes, uldiv.o(.text))
<BR><BR>[Stack]<UL><LI>Max Depth = 40<LI>Call Chain = __aeabi_uldivmod
</UL>
<BR>[Calls]<UL><LI><a href="#[99]">&gt;&gt;</a>&nbsp;&nbsp;&nbsp;__aeabi_llsr
<LI><a href="#[9a]">&gt;&gt;</a>&nbsp;&nbsp;&nbsp;__aeabi_llsl
</UL>
<BR>[Called By]<UL><LI><a href="#[1e6]">&gt;&gt;</a>&nbsp;&nbsp;&nbsp;HAL_RCC_GetSysClockFreq
<LI><a href="#[269]">&gt;&gt;</a>&nbsp;&nbsp;&nbsp;get_xtask_state
<LI><a href="#[295]">&gt;&gt;</a>&nbsp;&nbsp;&nbsp;_printf_core
</UL>

<P><STRONG><a name="[246]"></a>rand</STRONG> (Thumb, 20 bytes, Stack size 0 bytes, rand.o(.text))
<BR><BR>[Called By]<UL><LI><a href="#[242]">&gt;&gt;</a>&nbsp;&nbsp;&nbsp;RAK_TcpClient
</UL>

<P><STRONG><a name="[245]"></a>srand</STRONG> (Thumb, 6 bytes, Stack size 0 bytes, rand.o(.text))
<BR><BR>[Called By]<UL><LI><a href="#[242]">&gt;&gt;</a>&nbsp;&nbsp;&nbsp;RAK_TcpClient
</UL>

<P><STRONG><a name="[d4]"></a>__aeabi_memcpy</STRONG> (Thumb, 36 bytes, Stack size 0 bytes, memcpya.o(.text))
<BR><BR>[Called By]<UL><LI><a href="#[30b]">&gt;&gt;</a>&nbsp;&nbsp;&nbsp;prvCopyDataToQueue
<LI><a href="#[30a]">&gt;&gt;</a>&nbsp;&nbsp;&nbsp;prvCopyDataFromQueue
<LI><a href="#[8b]">&gt;&gt;</a>&nbsp;&nbsp;&nbsp;wps_easy_callback
<LI><a href="#[c0]">&gt;&gt;</a>&nbsp;&nbsp;&nbsp;wmi_connect_cmd
<LI><a href="#[c3]">&gt;&gt;</a>&nbsp;&nbsp;&nbsp;wmi_ap_profile_commit
<LI><a href="#[da]">&gt;&gt;</a>&nbsp;&nbsp;&nbsp;Api_ParseInfoElem
<LI><a href="#[2bb]">&gt;&gt;</a>&nbsp;&nbsp;&nbsp;wmi_wps_start_cmd
<LI><a href="#[2bf]">&gt;&gt;</a>&nbsp;&nbsp;&nbsp;wmi_startscan_cmd
<LI><a href="#[2b9]">&gt;&gt;</a>&nbsp;&nbsp;&nbsp;wmi_set_pmk_cmd
<LI><a href="#[2bd]">&gt;&gt;</a>&nbsp;&nbsp;&nbsp;wmi_set_passphrase_cmd
<LI><a href="#[2b6]">&gt;&gt;</a>&nbsp;&nbsp;&nbsp;wmi_set_channelParams_cmd
<LI><a href="#[2be]">&gt;&gt;</a>&nbsp;&nbsp;&nbsp;wmi_probedSsid_cmd
<LI><a href="#[329]">&gt;&gt;</a>&nbsp;&nbsp;&nbsp;t_sendto
<LI><a href="#[298]">&gt;&gt;</a>&nbsp;&nbsp;&nbsp;ath_ioctl_handler
<LI><a href="#[ff]">&gt;&gt;</a>&nbsp;&nbsp;&nbsp;wmi_socket_cmd
<LI><a href="#[124]">&gt;&gt;</a>&nbsp;&nbsp;&nbsp;fill_scan_info
<LI><a href="#[2b1]">&gt;&gt;</a>&nbsp;&nbsp;&nbsp;a_netbuf_put_data
<LI><a href="#[fb]">&gt;&gt;</a>&nbsp;&nbsp;&nbsp;Api_WpsProfileEvent
<LI><a href="#[d3]">&gt;&gt;</a>&nbsp;&nbsp;&nbsp;Api_GetPmkEvent
</UL>

<P><STRONG><a name="[c2]"></a>__aeabi_memcpy4</STRONG> (Thumb, 0 bytes, Stack size 0 bytes, memcpya.o(.text))
<BR><BR>[Called By]<UL><LI><a href="#[231]">&gt;&gt;</a>&nbsp;&nbsp;&nbsp;MX_FREERTOS_Init
<LI><a href="#[1d3]">&gt;&gt;</a>&nbsp;&nbsp;&nbsp;HAL_PCD_Init
<LI><a href="#[141]">&gt;&gt;</a>&nbsp;&nbsp;&nbsp;rw_creat_task
<LI><a href="#[2fd]">&gt;&gt;</a>&nbsp;&nbsp;&nbsp;rw_sysDriverInit
<LI><a href="#[bd]">&gt;&gt;</a>&nbsp;&nbsp;&nbsp;Api_ConnectWiFi
<LI><a href="#[298]">&gt;&gt;</a>&nbsp;&nbsp;&nbsp;ath_ioctl_handler
</UL>

<P><STRONG><a name="[357]"></a>__aeabi_memcpy8</STRONG> (Thumb, 0 bytes, Stack size 0 bytes, memcpya.o(.text), UNUSED)

<P><STRONG><a name="[9c]"></a>__aeabi_memset</STRONG> (Thumb, 14 bytes, Stack size 0 bytes, memseta.o(.text))
<BR><BR>[Called By]<UL><LI><a href="#[30d]">&gt;&gt;</a>&nbsp;&nbsp;&nbsp;prvInitialiseNewTask
<LI><a href="#[9d]">&gt;&gt;</a>&nbsp;&nbsp;&nbsp;_memset$wrapper
<LI><a href="#[9b]">&gt;&gt;</a>&nbsp;&nbsp;&nbsp;__aeabi_memclr
</UL>

<P><STRONG><a name="[358]"></a>__aeabi_memset4</STRONG> (Thumb, 0 bytes, Stack size 0 bytes, memseta.o(.text), UNUSED)

<P><STRONG><a name="[359]"></a>__aeabi_memset8</STRONG> (Thumb, 0 bytes, Stack size 0 bytes, memseta.o(.text), UNUSED)

<P><STRONG><a name="[9b]"></a>__aeabi_memclr</STRONG> (Thumb, 4 bytes, Stack size 0 bytes, memseta.o(.text))
<BR><BR>[Calls]<UL><LI><a href="#[9c]">&gt;&gt;</a>&nbsp;&nbsp;&nbsp;__aeabi_memset
</UL>
<BR>[Called By]<UL><LI><a href="#[c0]">&gt;&gt;</a>&nbsp;&nbsp;&nbsp;wmi_connect_cmd
<LI><a href="#[c3]">&gt;&gt;</a>&nbsp;&nbsp;&nbsp;wmi_ap_profile_commit
<LI><a href="#[da]">&gt;&gt;</a>&nbsp;&nbsp;&nbsp;Api_ParseInfoElem
<LI><a href="#[2b9]">&gt;&gt;</a>&nbsp;&nbsp;&nbsp;wmi_set_pmk_cmd
<LI><a href="#[2bd]">&gt;&gt;</a>&nbsp;&nbsp;&nbsp;wmi_set_passphrase_cmd
<LI><a href="#[2b6]">&gt;&gt;</a>&nbsp;&nbsp;&nbsp;wmi_set_channelParams_cmd
<LI><a href="#[bf]">&gt;&gt;</a>&nbsp;&nbsp;&nbsp;wmi_scanparams_cmd
<LI><a href="#[2be]">&gt;&gt;</a>&nbsp;&nbsp;&nbsp;wmi_probedSsid_cmd
<LI><a href="#[329]">&gt;&gt;</a>&nbsp;&nbsp;&nbsp;t_sendto
<LI><a href="#[12e]">&gt;&gt;</a>&nbsp;&nbsp;&nbsp;Custom_Api_Start
<LI><a href="#[124]">&gt;&gt;</a>&nbsp;&nbsp;&nbsp;fill_scan_info
<LI><a href="#[103]">&gt;&gt;</a>&nbsp;&nbsp;&nbsp;Custom_Api_easyconfigEvent
</UL>

<P><STRONG><a name="[c1]"></a>__aeabi_memclr4</STRONG> (Thumb, 0 bytes, Stack size 0 bytes, memseta.o(.text))
<BR><BR>[Called By]<UL><LI><a href="#[31f]">&gt;&gt;</a>&nbsp;&nbsp;&nbsp;rw_network_startSTA
<LI><a href="#[319]">&gt;&gt;</a>&nbsp;&nbsp;&nbsp;rw_appdemo_context_init
<LI><a href="#[8b]">&gt;&gt;</a>&nbsp;&nbsp;&nbsp;wps_easy_callback
<LI><a href="#[320]">&gt;&gt;</a>&nbsp;&nbsp;&nbsp;rw_sysDriverReset
<LI><a href="#[269]">&gt;&gt;</a>&nbsp;&nbsp;&nbsp;get_xtask_state
<LI><a href="#[2fb]">&gt;&gt;</a>&nbsp;&nbsp;&nbsp;platform_init
<LI><a href="#[2ac]">&gt;&gt;</a>&nbsp;&nbsp;&nbsp;_set_str_pmk
<LI><a href="#[d8]">&gt;&gt;</a>&nbsp;&nbsp;&nbsp;Driver_ContextInit
<LI><a href="#[2b2]">&gt;&gt;</a>&nbsp;&nbsp;&nbsp;a_netbuf_reinit
<LI><a href="#[2ae]">&gt;&gt;</a>&nbsp;&nbsp;&nbsp;a_netbuf_alloc
<LI><a href="#[104]">&gt;&gt;</a>&nbsp;&nbsp;&nbsp;Api_ipconfig
<LI><a href="#[bd]">&gt;&gt;</a>&nbsp;&nbsp;&nbsp;Api_ConnectWiFi
<LI><a href="#[329]">&gt;&gt;</a>&nbsp;&nbsp;&nbsp;t_sendto
<LI><a href="#[298]">&gt;&gt;</a>&nbsp;&nbsp;&nbsp;ath_ioctl_handler
<LI><a href="#[169]">&gt;&gt;</a>&nbsp;&nbsp;&nbsp;wmi_init
<LI><a href="#[16b]">&gt;&gt;</a>&nbsp;&nbsp;&nbsp;HTC_WaitTarget
<LI><a href="#[16c]">&gt;&gt;</a>&nbsp;&nbsp;&nbsp;SetupServices
<LI><a href="#[176]">&gt;&gt;</a>&nbsp;&nbsp;&nbsp;a_netbuf_configure
<LI><a href="#[de]">&gt;&gt;</a>&nbsp;&nbsp;&nbsp;Custom_Api_RSNASuccessEvent
<LI><a href="#[bc]">&gt;&gt;</a>&nbsp;&nbsp;&nbsp;Custom_Api_ConnectEvent
<LI><a href="#[13e]">&gt;&gt;</a>&nbsp;&nbsp;&nbsp;a_netbuf_alloc_raw
</UL>

<P><STRONG><a name="[35a]"></a>__aeabi_memclr8</STRONG> (Thumb, 0 bytes, Stack size 0 bytes, memseta.o(.text), UNUSED)

<P><STRONG><a name="[9d]"></a>_memset$wrapper</STRONG> (Thumb, 18 bytes, Stack size 8 bytes, memseta.o(.text), UNUSED)
<BR><BR>[Calls]<UL><LI><a href="#[9c]">&gt;&gt;</a>&nbsp;&nbsp;&nbsp;__aeabi_memset
</UL>

<P><STRONG><a name="[135]"></a>strncpy</STRONG> (Thumb, 24 bytes, Stack size 8 bytes, strncpy.o(.text))
<BR><BR>[Stack]<UL><LI>Max Depth = 8<LI>Call Chain = strncpy
</UL>
<BR>[Called By]<UL><LI><a href="#[103]">&gt;&gt;</a>&nbsp;&nbsp;&nbsp;Custom_Api_easyconfigEvent
</UL>

<P><STRONG><a name="[136]"></a>strlen</STRONG> (Thumb, 14 bytes, Stack size 0 bytes, strlen.o(.text))
<BR><BR>[Called By]<UL><LI><a href="#[31e]">&gt;&gt;</a>&nbsp;&nbsp;&nbsp;rw_wlanConnect
<LI><a href="#[2c9]">&gt;&gt;</a>&nbsp;&nbsp;&nbsp;clean_filename
<LI><a href="#[2c8]">&gt;&gt;</a>&nbsp;&nbsp;&nbsp;clean_filename
<LI><a href="#[2ca]">&gt;&gt;</a>&nbsp;&nbsp;&nbsp;clean_filename
<LI><a href="#[24a]">&gt;&gt;</a>&nbsp;&nbsp;&nbsp;clean_filename
<LI><a href="#[2a1]">&gt;&gt;</a>&nbsp;&nbsp;&nbsp;_clean_filename
<LI><a href="#[103]">&gt;&gt;</a>&nbsp;&nbsp;&nbsp;Custom_Api_easyconfigEvent
</UL>

<P><STRONG><a name="[2b5]"></a>strcmp</STRONG> (Thumb, 28 bytes, Stack size 8 bytes, strcmp.o(.text))
<BR><BR>[Stack]<UL><LI>Max Depth = 8<LI>Call Chain = strcmp
</UL>
<BR>[Called By]<UL><LI><a href="#[298]">&gt;&gt;</a>&nbsp;&nbsp;&nbsp;ath_ioctl_handler
</UL>

<P><STRONG><a name="[123]"></a>memcmp</STRONG> (Thumb, 26 bytes, Stack size 12 bytes, memcmp.o(.text))
<BR><BR>[Stack]<UL><LI>Max Depth = 12<LI>Call Chain = memcmp
</UL>
<BR>[Called By]<UL><LI><a href="#[31e]">&gt;&gt;</a>&nbsp;&nbsp;&nbsp;rw_wlanConnect
<LI><a href="#[b7]">&gt;&gt;</a>&nbsp;&nbsp;&nbsp;Custom_Api_BssInfoEvent
</UL>

<P><STRONG><a name="[105]"></a>strcpy</STRONG> (Thumb, 18 bytes, Stack size 0 bytes, strcpy.o(.text))
<BR><BR>[Called By]<UL><LI><a href="#[104]">&gt;&gt;</a>&nbsp;&nbsp;&nbsp;Api_ipconfig
<LI><a href="#[103]">&gt;&gt;</a>&nbsp;&nbsp;&nbsp;Custom_Api_easyconfigEvent
</UL>

<P><STRONG><a name="[134]"></a>strncmp</STRONG> (Thumb, 30 bytes, Stack size 12 bytes, strncmp.o(.text))
<BR><BR>[Stack]<UL><LI>Max Depth = 12<LI>Call Chain = strncmp
</UL>
<BR>[Called By]<UL><LI><a href="#[31e]">&gt;&gt;</a>&nbsp;&nbsp;&nbsp;rw_wlanConnect
<LI><a href="#[2a0]">&gt;&gt;</a>&nbsp;&nbsp;&nbsp;_check_sys_params
<LI><a href="#[155]">&gt;&gt;</a>&nbsp;&nbsp;&nbsp;Driver_BootComm
<LI><a href="#[103]">&gt;&gt;</a>&nbsp;&nbsp;&nbsp;Custom_Api_easyconfigEvent
</UL>

<P><STRONG><a name="[9a]"></a>__aeabi_llsl</STRONG> (Thumb, 30 bytes, Stack size 0 bytes, llshl.o(.text))
<BR><BR>[Called By]<UL><LI><a href="#[98]">&gt;&gt;</a>&nbsp;&nbsp;&nbsp;__aeabi_uldivmod
</UL>

<P><STRONG><a name="[35b]"></a>_ll_shift_l</STRONG> (Thumb, 0 bytes, Stack size 0 bytes, llshl.o(.text), UNUSED)

<P><STRONG><a name="[99]"></a>__aeabi_llsr</STRONG> (Thumb, 32 bytes, Stack size 0 bytes, llushr.o(.text))
<BR><BR>[Called By]<UL><LI><a href="#[98]">&gt;&gt;</a>&nbsp;&nbsp;&nbsp;__aeabi_uldivmod
</UL>

<P><STRONG><a name="[35c]"></a>_ll_ushift_r</STRONG> (Thumb, 0 bytes, Stack size 0 bytes, llushr.o(.text), UNUSED)

<P><STRONG><a name="[96]"></a>__scatterload</STRONG> (Thumb, 28 bytes, Stack size 0 bytes, init.o(.text))
<BR><BR>[Calls]<UL><LI><a href="#[9e]">&gt;&gt;</a>&nbsp;&nbsp;&nbsp;__main_after_scatterload
</UL>
<BR>[Called By]<UL><LI><a href="#[95]">&gt;&gt;</a>&nbsp;&nbsp;&nbsp;_main_scatterload
</UL>

<P><STRONG><a name="[35d]"></a>__scatterload_rt2</STRONG> (Thumb, 0 bytes, Stack size 0 bytes, init.o(.text), UNUSED)

<P><STRONG><a name="[35e]"></a>__decompress</STRONG> (Thumb, 0 bytes, Stack size unknown bytes, __dczerorl2.o(.text), UNUSED)

<P><STRONG><a name="[35f]"></a>__decompress1</STRONG> (Thumb, 86 bytes, Stack size unknown bytes, __dczerorl2.o(.text), UNUSED)

<P><STRONG><a name="[9f]"></a>AD7606_Init</STRONG> (Thumb, 24 bytes, Stack size 8 bytes, ad7606.o(i.AD7606_Init))
<BR><BR>[Stack]<UL><LI>Max Depth = 112<LI>Call Chain = AD7606_Init &rArr; AD7606_SetOsRate &rArr; HAL_GPIO_WritePin &rArr; assert_failed &rArr; osDelay &rArr; vTaskDelay &rArr; xTaskResumeAll &rArr; xTaskIncrementTick
</UL>
<BR>[Calls]<UL><LI><a href="#[a1]">&gt;&gt;</a>&nbsp;&nbsp;&nbsp;Init_queue
<LI><a href="#[a0]">&gt;&gt;</a>&nbsp;&nbsp;&nbsp;AD7606_SetOsRate
</UL>
<BR>[Called By]<UL><LI><a href="#[6d]">&gt;&gt;</a>&nbsp;&nbsp;&nbsp;main
</UL>

<P><STRONG><a name="[a2]"></a>AD7606_Read4CH</STRONG> (Thumb, 102 bytes, Stack size 32 bytes, ad7606.o(i.AD7606_Read4CH))
<BR><BR>[Stack]<UL><LI>Max Depth = 144<LI>Call Chain = AD7606_Read4CH &rArr; HAL_SPI_TransmitReceive &rArr; assert_failed &rArr; osDelay &rArr; vTaskDelay &rArr; xTaskResumeAll &rArr; xTaskIncrementTick
</UL>
<BR>[Calls]<UL><LI><a href="#[a6]">&gt;&gt;</a>&nbsp;&nbsp;&nbsp;assert_failed
<LI><a href="#[a3]">&gt;&gt;</a>&nbsp;&nbsp;&nbsp;HAL_GPIO_WritePin
<LI><a href="#[a5]">&gt;&gt;</a>&nbsp;&nbsp;&nbsp;HAL_SPI_TransmitReceive
<LI><a href="#[a4]">&gt;&gt;</a>&nbsp;&nbsp;&nbsp;HAL_SPI_GetState
</UL>
<BR>[Called By]<UL><LI><a href="#[a7]">&gt;&gt;</a>&nbsp;&nbsp;&nbsp;AD7606_handle
</UL>

<P><STRONG><a name="[a0]"></a>AD7606_SetOsRate</STRONG> (Thumb, 122 bytes, Stack size 16 bytes, ad7606.o(i.AD7606_SetOsRate))
<BR><BR>[Stack]<UL><LI>Max Depth = 104<LI>Call Chain = AD7606_SetOsRate &rArr; HAL_GPIO_WritePin &rArr; assert_failed &rArr; osDelay &rArr; vTaskDelay &rArr; xTaskResumeAll &rArr; xTaskIncrementTick
</UL>
<BR>[Calls]<UL><LI><a href="#[a3]">&gt;&gt;</a>&nbsp;&nbsp;&nbsp;HAL_GPIO_WritePin
</UL>
<BR>[Called By]<UL><LI><a href="#[9f]">&gt;&gt;</a>&nbsp;&nbsp;&nbsp;AD7606_Init
</UL>

<P><STRONG><a name="[a7]"></a>AD7606_handle</STRONG> (Thumb, 70 bytes, Stack size 16 bytes, ad7606.o(i.AD7606_handle))
<BR><BR>[Stack]<UL><LI>Max Depth = 160<LI>Call Chain = AD7606_handle &rArr; AD7606_Read4CH &rArr; HAL_SPI_TransmitReceive &rArr; assert_failed &rArr; osDelay &rArr; vTaskDelay &rArr; xTaskResumeAll &rArr; xTaskIncrementTick
</UL>
<BR>[Calls]<UL><LI><a href="#[a8]">&gt;&gt;</a>&nbsp;&nbsp;&nbsp;UsbSendData
<LI><a href="#[a9]">&gt;&gt;</a>&nbsp;&nbsp;&nbsp;LED_Toggle
<LI><a href="#[aa]">&gt;&gt;</a>&nbsp;&nbsp;&nbsp;EnQueue
<LI><a href="#[a2]">&gt;&gt;</a>&nbsp;&nbsp;&nbsp;AD7606_Read4CH
</UL>
<BR>[Called By]<UL><LI><a href="#[19b]">&gt;&gt;</a>&nbsp;&nbsp;&nbsp;HAL_GPIO_EXTI_Callback
</UL>

<P><STRONG><a name="[ac]"></a>AD_CONVEST_PWM_Init</STRONG> (Thumb, 122 bytes, Stack size 48 bytes, ad7606.o(i.AD_CONVEST_PWM_Init))
<BR><BR>[Stack]<UL><LI>Max Depth = 184<LI>Call Chain = AD_CONVEST_PWM_Init &rArr; HAL_TIM_PWM_ConfigChannel &rArr; TIM_OC2_SetConfig &rArr; assert_failed &rArr; osDelay &rArr; vTaskDelay &rArr; xTaskResumeAll &rArr; xTaskIncrementTick
</UL>
<BR>[Calls]<UL><LI><a href="#[ad]">&gt;&gt;</a>&nbsp;&nbsp;&nbsp;HAL_TIM_PWM_Init
<LI><a href="#[b0]">&gt;&gt;</a>&nbsp;&nbsp;&nbsp;HAL_TIM_PWM_ConfigChannel
<LI><a href="#[af]">&gt;&gt;</a>&nbsp;&nbsp;&nbsp;HAL_TIMEx_MasterConfigSynchronization
<LI><a href="#[b1]">&gt;&gt;</a>&nbsp;&nbsp;&nbsp;HAL_TIM_MspPostInit
<LI><a href="#[ae]">&gt;&gt;</a>&nbsp;&nbsp;&nbsp;_Error_Handler
</UL>
<BR>[Called By]<UL><LI><a href="#[6d]">&gt;&gt;</a>&nbsp;&nbsp;&nbsp;main
</UL>

<P><STRONG><a name="[b2]"></a>Api_AggrRecvAddbaReqEvent</STRONG> (Thumb, 32 bytes, Stack size 16 bytes, api_wmi_rx.o(i.Api_AggrRecvAddbaReqEvent))
<BR><BR>[Stack]<UL><LI>Max Depth = 72<LI>Call Chain = Api_AggrRecvAddbaReqEvent &rArr; aggr_recv_addba_req_evt &rArr; assert_func &rArr; _clean_filename
</UL>
<BR>[Calls]<UL><LI><a href="#[b3]">&gt;&gt;</a>&nbsp;&nbsp;&nbsp;aggr_recv_addba_req_evt
</UL>
<BR>[Called By]<UL><LI><a href="#[334]">&gt;&gt;</a>&nbsp;&nbsp;&nbsp;wmi_addba_req_event_rx
</UL>

<P><STRONG><a name="[b4]"></a>Api_AggrRecvDelbaReqEvent</STRONG> (Thumb, 20 bytes, Stack size 16 bytes, api_wmi_rx.o(i.Api_AggrRecvDelbaReqEvent))
<BR><BR>[Stack]<UL><LI>Max Depth = 64<LI>Call Chain = Api_AggrRecvDelbaReqEvent &rArr; aggr_recv_delba_req_evt &rArr; assert_func &rArr; _clean_filename
</UL>
<BR>[Calls]<UL><LI><a href="#[b5]">&gt;&gt;</a>&nbsp;&nbsp;&nbsp;aggr_recv_delba_req_evt
</UL>
<BR>[Called By]<UL><LI><a href="#[341]">&gt;&gt;</a>&nbsp;&nbsp;&nbsp;wmi_delba_req_event_rx
</UL>

<P><STRONG><a name="[b6]"></a>Api_BssInfoEvent</STRONG> (Thumb, 20 bytes, Stack size 16 bytes, api_wmi_rx.o(i.Api_BssInfoEvent))
<BR><BR>[Stack]<UL><LI>Max Depth = 216<LI>Call Chain = Api_BssInfoEvent &rArr; Custom_Api_BssInfoEvent &rArr; fill_scan_info &rArr; Api_ParseInfoElem &rArr; security_ie_parse &rArr; wpa_cipher_parse
</UL>
<BR>[Calls]<UL><LI><a href="#[b7]">&gt;&gt;</a>&nbsp;&nbsp;&nbsp;Custom_Api_BssInfoEvent
</UL>
<BR>[Called By]<UL><LI><a href="#[336]">&gt;&gt;</a>&nbsp;&nbsp;&nbsp;wmi_bssInfo_event_rx
</UL>

<P><STRONG><a name="[b8]"></a>Api_ConnectEvent</STRONG> (Thumb, 120 bytes, Stack size 40 bytes, api_wmi_rx.o(i.Api_ConnectEvent))
<BR><BR>[Stack]<UL><LI>Max Depth = 224<LI>Call Chain = Api_ConnectEvent &rArr; Custom_Api_ConnectEvent &rArr; driver_lock_mutex &rArr; rw_lock_mutex &rArr; osMutexWait &rArr; xQueueGenericReceive &rArr; xTaskResumeAll &rArr; xTaskIncrementTick
</UL>
<BR>[Calls]<UL><LI><a href="#[bb]">&gt;&gt;</a>&nbsp;&nbsp;&nbsp;aggr_reset_state
<LI><a href="#[bc]">&gt;&gt;</a>&nbsp;&nbsp;&nbsp;Custom_Api_ConnectEvent
<LI><a href="#[ba]">&gt;&gt;</a>&nbsp;&nbsp;&nbsp;driver_unlock_mutex
<LI><a href="#[b9]">&gt;&gt;</a>&nbsp;&nbsp;&nbsp;driver_lock_mutex
</UL>
<BR>[Called By]<UL><LI><a href="#[337]">&gt;&gt;</a>&nbsp;&nbsp;&nbsp;wmi_connect_event_rx
</UL>

<P><STRONG><a name="[bd]"></a>Api_ConnectWiFi</STRONG> (Thumb, 332 bytes, Stack size 72 bytes, api_ioctl.o(i.Api_ConnectWiFi))
<BR><BR>[Stack]<UL><LI>Max Depth = 376<LI>Call Chain = Api_ConnectWiFi &rArr; wmi_connect_cmd &rArr; wmi_cmd_send &rArr; Api_WmiTxStart &rArr; Driver_SubmitTxRequestNoBlock &rArr; driver_lock_mutex &rArr; rw_lock_mutex &rArr; osMutexWait &rArr; xQueueGenericReceive &rArr; xTaskResumeAll &rArr; xTaskIncrementTick
</UL>
<BR>[Calls]<UL><LI><a href="#[c0]">&gt;&gt;</a>&nbsp;&nbsp;&nbsp;wmi_connect_cmd
<LI><a href="#[c3]">&gt;&gt;</a>&nbsp;&nbsp;&nbsp;wmi_ap_profile_commit
<LI><a href="#[be]">&gt;&gt;</a>&nbsp;&nbsp;&nbsp;Install_static_wep_keys
<LI><a href="#[bf]">&gt;&gt;</a>&nbsp;&nbsp;&nbsp;wmi_scanparams_cmd
<LI><a href="#[c1]">&gt;&gt;</a>&nbsp;&nbsp;&nbsp;__aeabi_memclr4
<LI><a href="#[c2]">&gt;&gt;</a>&nbsp;&nbsp;&nbsp;__aeabi_memcpy4
</UL>
<BR>[Called By]<UL><LI><a href="#[298]">&gt;&gt;</a>&nbsp;&nbsp;&nbsp;ath_ioctl_handler
<LI><a href="#[ce]">&gt;&gt;</a>&nbsp;&nbsp;&nbsp;Api_DisconnectEvent
</UL>

<P><STRONG><a name="[c4]"></a>Api_DataTxStart</STRONG> (Thumb, 204 bytes, Stack size 56 bytes, api_txrx.o(i.Api_DataTxStart))
<BR><BR>[Stack]<UL><LI>Max Depth = 264<LI>Call Chain = Api_DataTxStart &rArr; Api_DriverAccessCheck &rArr; Custom_Driver_WaitForCondition &rArr; rw_pend_sem &rArr; osSemaphoreWait &rArr; xQueueGenericReceive &rArr; xTaskResumeAll &rArr; xTaskIncrementTick
</UL>
<BR>[Calls]<UL><LI><a href="#[c8]">&gt;&gt;</a>&nbsp;&nbsp;&nbsp;wmi_implicit_create_pstream
<LI><a href="#[c7]">&gt;&gt;</a>&nbsp;&nbsp;&nbsp;wmi_data_hdr_add
<LI><a href="#[c9]">&gt;&gt;</a>&nbsp;&nbsp;&nbsp;Util_AC2EndpointID
<LI><a href="#[ca]">&gt;&gt;</a>&nbsp;&nbsp;&nbsp;Driver_SubmitTxRequest
<LI><a href="#[c5]">&gt;&gt;</a>&nbsp;&nbsp;&nbsp;Custom_Driver_WaitForCondition
<LI><a href="#[c6]">&gt;&gt;</a>&nbsp;&nbsp;&nbsp;Api_DriverAccessCheck
</UL>
<BR>[Called By]<UL><LI><a href="#[2d3]">&gt;&gt;</a>&nbsp;&nbsp;&nbsp;custom_send_tcpip
</UL>

<P><STRONG><a name="[cb]"></a>Api_DeInitFinish</STRONG> (Thumb, 54 bytes, Stack size 16 bytes, api_init.o(i.Api_DeInitFinish))
<BR><BR>[Stack]<UL><LI>Max Depth = 272<LI>Call Chain = Api_DeInitFinish &rArr; Driver_ContextDeInit &rArr; Custom_Driver_ContextDeInit &rArr; a_netbuf_free &rArr; a_netbuf_free_rx_pool &rArr; Driver_ReportRxBuffStatus &rArr; Custom_Driver_WakeDriver &rArr; rw_post_sem &rArr; osSemaphoreRelease &rArr; xQueueGenericSend &rArr; xTaskResumeAll &rArr; xTaskIncrementTick
</UL>
<BR>[Calls]<UL><LI><a href="#[cd]">&gt;&gt;</a>&nbsp;&nbsp;&nbsp;socket_context_deinit
<LI><a href="#[cc]">&gt;&gt;</a>&nbsp;&nbsp;&nbsp;Driver_ContextDeInit
<LI><a href="#[c5]">&gt;&gt;</a>&nbsp;&nbsp;&nbsp;Custom_Driver_WaitForCondition
</UL>
<BR>[Called By]<UL><LI><a href="#[12e]">&gt;&gt;</a>&nbsp;&nbsp;&nbsp;Custom_Api_Start
<LI><a href="#[127]">&gt;&gt;</a>&nbsp;&nbsp;&nbsp;Custom_Api_Shutdown
</UL>

<P><STRONG><a name="[129]"></a>Api_DeInitStart</STRONG> (Thumb, 6 bytes, Stack size 0 bytes, api_init.o(i.Api_DeInitStart))
<BR><BR>[Called By]<UL><LI><a href="#[12e]">&gt;&gt;</a>&nbsp;&nbsp;&nbsp;Custom_Api_Start
<LI><a href="#[127]">&gt;&gt;</a>&nbsp;&nbsp;&nbsp;Custom_Api_Shutdown
</UL>

<P><STRONG><a name="[ce]"></a>Api_DisconnectEvent</STRONG> (Thumb, 136 bytes, Stack size 40 bytes, api_wmi_rx.o(i.Api_DisconnectEvent))
<BR><BR>[Stack]<UL><LI>Max Depth = 416<LI>Call Chain = Api_DisconnectEvent &rArr; Api_ConnectWiFi &rArr; wmi_connect_cmd &rArr; wmi_cmd_send &rArr; Api_WmiTxStart &rArr; Driver_SubmitTxRequestNoBlock &rArr; driver_lock_mutex &rArr; rw_lock_mutex &rArr; osMutexWait &rArr; xQueueGenericReceive &rArr; xTaskResumeAll &rArr; xTaskIncrementTick
</UL>
<BR>[Calls]<UL><LI><a href="#[bd]">&gt;&gt;</a>&nbsp;&nbsp;&nbsp;Api_ConnectWiFi
<LI><a href="#[d0]">&gt;&gt;</a>&nbsp;&nbsp;&nbsp;HW_MsecDelay
<LI><a href="#[bb]">&gt;&gt;</a>&nbsp;&nbsp;&nbsp;aggr_reset_state
<LI><a href="#[cf]">&gt;&gt;</a>&nbsp;&nbsp;&nbsp;Custom_Api_DisconnectEvent
<LI><a href="#[ba]">&gt;&gt;</a>&nbsp;&nbsp;&nbsp;driver_unlock_mutex
<LI><a href="#[b9]">&gt;&gt;</a>&nbsp;&nbsp;&nbsp;driver_lock_mutex
</UL>
<BR>[Called By]<UL><LI><a href="#[339]">&gt;&gt;</a>&nbsp;&nbsp;&nbsp;wmi_disconnect_event_rx
</UL>

<P><STRONG><a name="[d1]"></a>Api_DisconnectWiFi</STRONG> (Thumb, 84 bytes, Stack size 16 bytes, api_ioctl.o(i.Api_DisconnectWiFi))
<BR><BR>[Stack]<UL><LI>Max Depth = 296<LI>Call Chain = Api_DisconnectWiFi &rArr; wmi_disconnect_cmd &rArr; wmi_simple_cmd &rArr; wmi_cmd_send &rArr; Api_WmiTxStart &rArr; Driver_SubmitTxRequestNoBlock &rArr; driver_lock_mutex &rArr; rw_lock_mutex &rArr; osMutexWait &rArr; xQueueGenericReceive &rArr; xTaskResumeAll &rArr; xTaskIncrementTick
</UL>
<BR>[Calls]<UL><LI><a href="#[d2]">&gt;&gt;</a>&nbsp;&nbsp;&nbsp;wmi_disconnect_cmd
</UL>
<BR>[Called By]<UL><LI><a href="#[298]">&gt;&gt;</a>&nbsp;&nbsp;&nbsp;ath_ioctl_handler
</UL>

<P><STRONG><a name="[c6]"></a>Api_DriverAccessCheck</STRONG> (Thumb, 72 bytes, Stack size 32 bytes, api_ioctl.o(i.Api_DriverAccessCheck))
<BR><BR>[Stack]<UL><LI>Max Depth = 208<LI>Call Chain = Api_DriverAccessCheck &rArr; Custom_Driver_WaitForCondition &rArr; rw_pend_sem &rArr; osSemaphoreWait &rArr; xQueueGenericReceive &rArr; xTaskResumeAll &rArr; xTaskIncrementTick
</UL>
<BR>[Calls]<UL><LI><a href="#[c5]">&gt;&gt;</a>&nbsp;&nbsp;&nbsp;Custom_Driver_WaitForCondition
</UL>
<BR>[Called By]<UL><LI><a href="#[c4]">&gt;&gt;</a>&nbsp;&nbsp;&nbsp;Api_DataTxStart
<LI><a href="#[328]">&gt;&gt;</a>&nbsp;&nbsp;&nbsp;t_socket
<LI><a href="#[327]">&gt;&gt;</a>&nbsp;&nbsp;&nbsp;t_shutdown
<LI><a href="#[31c]">&gt;&gt;</a>&nbsp;&nbsp;&nbsp;t_ipconfig_dhcp_pool
<LI><a href="#[31b]">&gt;&gt;</a>&nbsp;&nbsp;&nbsp;t_ipconfig
<LI><a href="#[2cd]">&gt;&gt;</a>&nbsp;&nbsp;&nbsp;t_connect
<LI><a href="#[2c5]">&gt;&gt;</a>&nbsp;&nbsp;&nbsp;t_bind
<LI><a href="#[2a6]">&gt;&gt;</a>&nbsp;&nbsp;&nbsp;custom_ipconfig_set_tcp_exponential_backoff_retry
<LI><a href="#[298]">&gt;&gt;</a>&nbsp;&nbsp;&nbsp;ath_ioctl_handler
</UL>

<P><STRONG><a name="[d3]"></a>Api_GetPmkEvent</STRONG> (Thumb, 40 bytes, Stack size 24 bytes, api_wmi_rx.o(i.Api_GetPmkEvent))
<BR><BR>[Stack]<UL><LI>Max Depth = 168<LI>Call Chain = Api_GetPmkEvent &rArr; Custom_Driver_WakeUser &rArr; rw_post_sem &rArr; osSemaphoreRelease &rArr; xQueueGenericSend &rArr; xTaskResumeAll &rArr; xTaskIncrementTick
</UL>
<BR>[Calls]<UL><LI><a href="#[d5]">&gt;&gt;</a>&nbsp;&nbsp;&nbsp;Custom_Driver_WakeUser
<LI><a href="#[d4]">&gt;&gt;</a>&nbsp;&nbsp;&nbsp;__aeabi_memcpy
</UL>
<BR>[Called By]<UL><LI><a href="#[33f]">&gt;&gt;</a>&nbsp;&nbsp;&nbsp;wmi_get_pmk_event_rx
</UL>

<P><STRONG><a name="[d6]"></a>Api_InitFinish</STRONG> (Thumb, 64 bytes, Stack size 16 bytes, api_init.o(i.Api_InitFinish))
<BR><BR>[Stack]<UL><LI>Max Depth = 192<LI>Call Chain = Api_InitFinish &rArr; Custom_Driver_WaitForCondition &rArr; rw_pend_sem &rArr; osSemaphoreWait &rArr; xQueueGenericReceive &rArr; xTaskResumeAll &rArr; xTaskIncrementTick
</UL>
<BR>[Calls]<UL><LI><a href="#[c5]">&gt;&gt;</a>&nbsp;&nbsp;&nbsp;Custom_Driver_WaitForCondition
</UL>
<BR>[Called By]<UL><LI><a href="#[12e]">&gt;&gt;</a>&nbsp;&nbsp;&nbsp;Custom_Api_Start
</UL>

<P><STRONG><a name="[d7]"></a>Api_InitStart</STRONG> (Thumb, 46 bytes, Stack size 16 bytes, api_init.o(i.Api_InitStart))
<BR><BR>[Stack]<UL><LI>Max Depth = 264<LI>Call Chain = Api_InitStart &rArr; socket_context_init &rArr; custom_socket_context_init &rArr; rw_creat_sem &rArr; osSemaphoreCreate &rArr; xQueueGenericCreate &rArr; pvPortMalloc &rArr; vApplicationMallocFailedHook &rArr; osMutexWait &rArr; xQueueGenericReceive &rArr; xTaskResumeAll &rArr; xTaskIncrementTick
</UL>
<BR>[Calls]<UL><LI><a href="#[d9]">&gt;&gt;</a>&nbsp;&nbsp;&nbsp;socket_context_init
<LI><a href="#[d8]">&gt;&gt;</a>&nbsp;&nbsp;&nbsp;Driver_ContextInit
</UL>
<BR>[Called By]<UL><LI><a href="#[12e]">&gt;&gt;</a>&nbsp;&nbsp;&nbsp;Custom_Api_Start
</UL>

<P><STRONG><a name="[da]"></a>Api_ParseInfoElem</STRONG> (Thumb, 354 bytes, Stack size 40 bytes, api_ioctl.o(i.Api_ParseInfoElem))
<BR><BR>[Stack]<UL><LI>Max Depth = 80<LI>Call Chain = Api_ParseInfoElem &rArr; security_ie_parse &rArr; wpa_cipher_parse
</UL>
<BR>[Calls]<UL><LI><a href="#[db]">&gt;&gt;</a>&nbsp;&nbsp;&nbsp;Util_Freq2ieee
<LI><a href="#[dc]">&gt;&gt;</a>&nbsp;&nbsp;&nbsp;security_ie_parse
<LI><a href="#[9b]">&gt;&gt;</a>&nbsp;&nbsp;&nbsp;__aeabi_memclr
<LI><a href="#[d4]">&gt;&gt;</a>&nbsp;&nbsp;&nbsp;__aeabi_memcpy
</UL>
<BR>[Called By]<UL><LI><a href="#[124]">&gt;&gt;</a>&nbsp;&nbsp;&nbsp;fill_scan_info
</UL>

<P><STRONG><a name="[dd]"></a>Api_RSNASuccessEvent</STRONG> (Thumb, 16 bytes, Stack size 16 bytes, api_wmi_rx.o(i.Api_RSNASuccessEvent))
<BR><BR>[Stack]<UL><LI>Max Depth = 208<LI>Call Chain = Api_RSNASuccessEvent &rArr; Custom_Api_RSNASuccessEvent &rArr; driver_lock_mutex &rArr; rw_lock_mutex &rArr; osMutexWait &rArr; xQueueGenericReceive &rArr; xTaskResumeAll &rArr; xTaskIncrementTick
</UL>
<BR>[Calls]<UL><LI><a href="#[de]">&gt;&gt;</a>&nbsp;&nbsp;&nbsp;Custom_Api_RSNASuccessEvent
</UL>
<BR>[Called By]<UL><LI><a href="#[33a]">&gt;&gt;</a>&nbsp;&nbsp;&nbsp;wmi_rsna_4way_rx
</UL>

<P><STRONG><a name="[df]"></a>Api_ReadyEvent</STRONG> (Thumb, 44 bytes, Stack size 32 bytes, api_wmi_rx.o(i.Api_ReadyEvent))
<BR><BR>[Stack]<UL><LI>Max Depth = 200<LI>Call Chain = Api_ReadyEvent &rArr; Custom_Api_ReadyEvent &rArr; Custom_Driver_WakeUser &rArr; rw_post_sem &rArr; osSemaphoreRelease &rArr; xQueueGenericSend &rArr; xTaskResumeAll &rArr; xTaskIncrementTick
</UL>
<BR>[Calls]<UL><LI><a href="#[e0]">&gt;&gt;</a>&nbsp;&nbsp;&nbsp;Custom_Api_ReadyEvent
</UL>
<BR>[Called By]<UL><LI><a href="#[338]">&gt;&gt;</a>&nbsp;&nbsp;&nbsp;wmi_ready_event_rx
</UL>

<P><STRONG><a name="[348]"></a>Api_RegDomainEvent</STRONG> (Thumb, 2 bytes, Stack size 0 bytes, api_wmi_rx.o(i.Api_RegDomainEvent))
<BR><BR>[Called By]<UL><LI><a href="#[33b]">&gt;&gt;</a>&nbsp;&nbsp;&nbsp;wmi_regDomain_event_rx
</UL>

<P><STRONG><a name="[e1]"></a>Api_RxComplete</STRONG> (Thumb, 306 bytes, Stack size 56 bytes, api_txrx.o(i.Api_RxComplete))
<BR><BR>[Stack]<UL><LI>Max Depth = 568<LI>Call Chain = Api_RxComplete &rArr; wmi_control_rx &rArr; wmi_disconnect_event_rx &rArr; Api_DisconnectEvent &rArr; Api_ConnectWiFi &rArr; wmi_connect_cmd &rArr; wmi_cmd_send &rArr; Api_WmiTxStart &rArr; Driver_SubmitTxRequestNoBlock &rArr; driver_lock_mutex &rArr; rw_lock_mutex &rArr; osMutexWait &rArr; xQueueGenericReceive &rArr; xTaskResumeAll &rArr; xTaskIncrementTick
</UL>
<BR>[Calls]<UL><LI><a href="#[e5]">&gt;&gt;</a>&nbsp;&nbsp;&nbsp;wmi_data_hdr_remove
<LI><a href="#[e2]">&gt;&gt;</a>&nbsp;&nbsp;&nbsp;wmi_control_rx
<LI><a href="#[e7]">&gt;&gt;</a>&nbsp;&nbsp;&nbsp;Custom_DeliverFrameToNetworkStack
<LI><a href="#[e4]">&gt;&gt;</a>&nbsp;&nbsp;&nbsp;a_netbuf_to_len
<LI><a href="#[e3]">&gt;&gt;</a>&nbsp;&nbsp;&nbsp;a_netbuf_to_data
<LI><a href="#[e8]">&gt;&gt;</a>&nbsp;&nbsp;&nbsp;a_netbuf_free
<LI><a href="#[e6]">&gt;&gt;</a>&nbsp;&nbsp;&nbsp;assert_func
</UL>
<BR>[Called By]<UL><LI><a href="#[73]">&gt;&gt;</a>&nbsp;&nbsp;&nbsp;Driver_RxComplete
</UL>

<P><STRONG><a name="[e9]"></a>Api_ScanCompleteEvent</STRONG> (Thumb, 32 bytes, Stack size 16 bytes, api_wmi_rx.o(i.Api_ScanCompleteEvent))
<BR><BR>[Stack]<UL><LI>Max Depth = 288<LI>Call Chain = Api_ScanCompleteEvent &rArr; wmi_bssfilter_cmd &rArr; wmi_cmd_send &rArr; Api_WmiTxStart &rArr; Driver_SubmitTxRequestNoBlock &rArr; driver_lock_mutex &rArr; rw_lock_mutex &rArr; osMutexWait &rArr; xQueueGenericReceive &rArr; xTaskResumeAll &rArr; xTaskIncrementTick
</UL>
<BR>[Calls]<UL><LI><a href="#[d5]">&gt;&gt;</a>&nbsp;&nbsp;&nbsp;Custom_Driver_WakeUser
<LI><a href="#[ea]">&gt;&gt;</a>&nbsp;&nbsp;&nbsp;wmi_bssfilter_cmd
</UL>
<BR>[Called By]<UL><LI><a href="#[33c]">&gt;&gt;</a>&nbsp;&nbsp;&nbsp;wmi_scanComplete_rx
</UL>

<P><STRONG><a name="[eb]"></a>Api_SockResponseEventRx</STRONG> (Thumb, 762 bytes, Stack size 56 bytes, api_stack_offload.o(i.Api_SockResponseEventRx))
<BR><BR>[Stack]<UL><LI>Max Depth = 264<LI>Call Chain = Api_SockResponseEventRx &rArr; a_netbuf_free &rArr; a_netbuf_free_rx_pool &rArr; Driver_ReportRxBuffStatus &rArr; Custom_Driver_WakeDriver &rArr; rw_post_sem &rArr; osSemaphoreRelease &rArr; xQueueGenericSend &rArr; xTaskResumeAll &rArr; xTaskIncrementTick
</UL>
<BR>[Calls]<UL><LI><a href="#[ee]">&gt;&gt;</a>&nbsp;&nbsp;&nbsp;unblock
<LI><a href="#[e8]">&gt;&gt;</a>&nbsp;&nbsp;&nbsp;a_netbuf_free
<LI><a href="#[ec]">&gt;&gt;</a>&nbsp;&nbsp;&nbsp;find_socket_context
<LI><a href="#[ed]">&gt;&gt;</a>&nbsp;&nbsp;&nbsp;clear_socket_context
</UL>
<BR>[Called By]<UL><LI><a href="#[e2]">&gt;&gt;</a>&nbsp;&nbsp;&nbsp;wmi_control_rx
</UL>

<P><STRONG><a name="[ef]"></a>Api_TargetStatsEvent</STRONG> (Thumb, 40 bytes, Stack size 16 bytes, api_wmi_rx.o(i.Api_TargetStatsEvent))
<BR><BR>[Stack]<UL><LI>Max Depth = 160<LI>Call Chain = Api_TargetStatsEvent &rArr; Custom_Driver_WakeUser &rArr; rw_post_sem &rArr; osSemaphoreRelease &rArr; xQueueGenericSend &rArr; xTaskResumeAll &rArr; xTaskIncrementTick
</UL>
<BR>[Calls]<UL><LI><a href="#[d5]">&gt;&gt;</a>&nbsp;&nbsp;&nbsp;Custom_Driver_WakeUser
</UL>
<BR>[Called By]<UL><LI><a href="#[33e]">&gt;&gt;</a>&nbsp;&nbsp;&nbsp;wmi_statsEvent_rx
</UL>

<P><STRONG><a name="[f0]"></a>Api_TkipMicErrorEvent</STRONG> (Thumb, 28 bytes, Stack size 24 bytes, api_wmi_rx.o(i.Api_TkipMicErrorEvent))
<BR><BR>[Stack]<UL><LI>Max Depth = 304<LI>Call Chain = Api_TkipMicErrorEvent &rArr; wmi_disconnect_cmd &rArr; wmi_simple_cmd &rArr; wmi_cmd_send &rArr; Api_WmiTxStart &rArr; Driver_SubmitTxRequestNoBlock &rArr; driver_lock_mutex &rArr; rw_lock_mutex &rArr; osMutexWait &rArr; xQueueGenericReceive &rArr; xTaskResumeAll &rArr; xTaskIncrementTick
</UL>
<BR>[Calls]<UL><LI><a href="#[d2]">&gt;&gt;</a>&nbsp;&nbsp;&nbsp;wmi_disconnect_cmd
</UL>
<BR>[Called By]<UL><LI><a href="#[342]">&gt;&gt;</a>&nbsp;&nbsp;&nbsp;wmi_tkip_micerr_event_rx
</UL>

<P><STRONG><a name="[f1]"></a>Api_TxComplete</STRONG> (Thumb, 62 bytes, Stack size 16 bytes, api_txrx.o(i.Api_TxComplete))
<BR><BR>[Stack]<UL><LI>Max Depth = 224<LI>Call Chain = Api_TxComplete &rArr; a_netbuf_free &rArr; a_netbuf_free_rx_pool &rArr; Driver_ReportRxBuffStatus &rArr; Custom_Driver_WakeDriver &rArr; rw_post_sem &rArr; osSemaphoreRelease &rArr; xQueueGenericSend &rArr; xTaskResumeAll &rArr; xTaskIncrementTick
</UL>
<BR>[Calls]<UL><LI><a href="#[d5]">&gt;&gt;</a>&nbsp;&nbsp;&nbsp;Custom_Driver_WakeUser
<LI><a href="#[f2]">&gt;&gt;</a>&nbsp;&nbsp;&nbsp;txpkt_free
<LI><a href="#[e8]">&gt;&gt;</a>&nbsp;&nbsp;&nbsp;a_netbuf_free
</UL>
<BR>[Called By]<UL><LI><a href="#[74]">&gt;&gt;</a>&nbsp;&nbsp;&nbsp;Driver_TxComplete
</UL>

<P><STRONG><a name="[f3]"></a>Api_TxGetStatus</STRONG> (Thumb, 80 bytes, Stack size 16 bytes, api_txrx.o(i.Api_TxGetStatus))
<BR><BR>[Stack]<UL><LI>Max Depth = 192<LI>Call Chain = Api_TxGetStatus &rArr; Custom_Driver_WaitForCondition &rArr; rw_pend_sem &rArr; osSemaphoreWait &rArr; xQueueGenericReceive &rArr; xTaskResumeAll &rArr; xTaskIncrementTick
</UL>
<BR>[Calls]<UL><LI><a href="#[c5]">&gt;&gt;</a>&nbsp;&nbsp;&nbsp;Custom_Driver_WaitForCondition
<LI><a href="#[f4]">&gt;&gt;</a>&nbsp;&nbsp;&nbsp;Custom_Driver_WakeDriver
</UL>
<BR>[Called By]<UL><LI><a href="#[298]">&gt;&gt;</a>&nbsp;&nbsp;&nbsp;ath_ioctl_handler
</UL>

<P><STRONG><a name="[f5]"></a>Api_WMIInitFinish</STRONG> (Thumb, 206 bytes, Stack size 48 bytes, api_init.o(i.Api_WMIInitFinish))
<BR><BR>[Stack]<UL><LI>Max Depth = 352<LI>Call Chain = Api_WMIInitFinish &rArr; send_stack_init &rArr; wmi_socket_cmd &rArr; wmi_cmd_send &rArr; Api_WmiTxStart &rArr; Driver_SubmitTxRequestNoBlock &rArr; driver_lock_mutex &rArr; rw_lock_mutex &rArr; osMutexWait &rArr; xQueueGenericReceive &rArr; xTaskResumeAll &rArr; xTaskIncrementTick
</UL>
<BR>[Calls]<UL><LI><a href="#[f6]">&gt;&gt;</a>&nbsp;&nbsp;&nbsp;wmi_storerecall_configure_cmd
<LI><a href="#[f7]">&gt;&gt;</a>&nbsp;&nbsp;&nbsp;wmi_allow_aggr_cmd
<LI><a href="#[f8]">&gt;&gt;</a>&nbsp;&nbsp;&nbsp;send_stack_init
<LI><a href="#[bf]">&gt;&gt;</a>&nbsp;&nbsp;&nbsp;wmi_scanparams_cmd
<LI><a href="#[e6]">&gt;&gt;</a>&nbsp;&nbsp;&nbsp;assert_func
</UL>
<BR>[Called By]<UL><LI><a href="#[12e]">&gt;&gt;</a>&nbsp;&nbsp;&nbsp;Custom_Api_Start
</UL>

<P><STRONG><a name="[f9]"></a>Api_WmiTxStart</STRONG> (Thumb, 62 bytes, Stack size 24 bytes, api_txrx.o(i.Api_WmiTxStart))
<BR><BR>[Stack]<UL><LI>Max Depth = 208<LI>Call Chain = Api_WmiTxStart &rArr; Driver_SubmitTxRequestNoBlock &rArr; driver_lock_mutex &rArr; rw_lock_mutex &rArr; osMutexWait &rArr; xQueueGenericReceive &rArr; xTaskResumeAll &rArr; xTaskIncrementTick
</UL>
<BR>[Calls]<UL><LI><a href="#[fa]">&gt;&gt;</a>&nbsp;&nbsp;&nbsp;Driver_SubmitTxRequestNoBlock
<LI><a href="#[ca]">&gt;&gt;</a>&nbsp;&nbsp;&nbsp;Driver_SubmitTxRequest
</UL>
<BR>[Called By]<UL><LI><a href="#[335]">&gt;&gt;</a>&nbsp;&nbsp;&nbsp;wmi_cmd_send
</UL>

<P><STRONG><a name="[fb]"></a>Api_WpsProfileEvent</STRONG> (Thumb, 344 bytes, Stack size 48 bytes, api_wmi_rx.o(i.Api_WpsProfileEvent))
<BR><BR>[Stack]<UL><LI>Max Depth = 328<LI>Call Chain = Api_WpsProfileEvent &rArr; wmi_disconnect_cmd &rArr; wmi_simple_cmd &rArr; wmi_cmd_send &rArr; Api_WmiTxStart &rArr; Driver_SubmitTxRequestNoBlock &rArr; driver_lock_mutex &rArr; rw_lock_mutex &rArr; osMutexWait &rArr; xQueueGenericReceive &rArr; xTaskResumeAll &rArr; xTaskIncrementTick
</UL>
<BR>[Calls]<UL><LI><a href="#[d2]">&gt;&gt;</a>&nbsp;&nbsp;&nbsp;wmi_disconnect_cmd
<LI><a href="#[fc]">&gt;&gt;</a>&nbsp;&nbsp;&nbsp;wmi_powermode_cmd
<LI><a href="#[e8]">&gt;&gt;</a>&nbsp;&nbsp;&nbsp;a_netbuf_free
<LI><a href="#[d4]">&gt;&gt;</a>&nbsp;&nbsp;&nbsp;__aeabi_memcpy
<LI><a href="#[ba]">&gt;&gt;</a>&nbsp;&nbsp;&nbsp;driver_unlock_mutex
<LI><a href="#[b9]">&gt;&gt;</a>&nbsp;&nbsp;&nbsp;driver_lock_mutex
</UL>
<BR>[Called By]<UL><LI><a href="#[340]">&gt;&gt;</a>&nbsp;&nbsp;&nbsp;wmi_wps_profile_event_rx
</UL>

<P><STRONG><a name="[fd]"></a>Api_bind</STRONG> (Thumb, 306 bytes, Stack size 72 bytes, api_stack_offload.o(i.Api_bind))
<BR><BR>[Stack]<UL><LI>Max Depth = 352<LI>Call Chain = Api_bind &rArr; wmi_socket_cmd &rArr; wmi_cmd_send &rArr; Api_WmiTxStart &rArr; Driver_SubmitTxRequestNoBlock &rArr; driver_lock_mutex &rArr; rw_lock_mutex &rArr; osMutexWait &rArr; xQueueGenericReceive &rArr; xTaskResumeAll &rArr; xTaskIncrementTick
</UL>
<BR>[Calls]<UL><LI><a href="#[fe]">&gt;&gt;</a>&nbsp;&nbsp;&nbsp;isSocketBlocked
<LI><a href="#[100]">&gt;&gt;</a>&nbsp;&nbsp;&nbsp;blockForResponse
<LI><a href="#[ff]">&gt;&gt;</a>&nbsp;&nbsp;&nbsp;wmi_socket_cmd
</UL>
<BR>[Called By]<UL><LI><a href="#[2c5]">&gt;&gt;</a>&nbsp;&nbsp;&nbsp;t_bind
</UL>

<P><STRONG><a name="[101]"></a>Api_connect</STRONG> (Thumb, 326 bytes, Stack size 72 bytes, api_stack_offload.o(i.Api_connect))
<BR><BR>[Stack]<UL><LI>Max Depth = 352<LI>Call Chain = Api_connect &rArr; wmi_socket_cmd &rArr; wmi_cmd_send &rArr; Api_WmiTxStart &rArr; Driver_SubmitTxRequestNoBlock &rArr; driver_lock_mutex &rArr; rw_lock_mutex &rArr; osMutexWait &rArr; xQueueGenericReceive &rArr; xTaskResumeAll &rArr; xTaskIncrementTick
</UL>
<BR>[Calls]<UL><LI><a href="#[fe]">&gt;&gt;</a>&nbsp;&nbsp;&nbsp;isSocketBlocked
<LI><a href="#[100]">&gt;&gt;</a>&nbsp;&nbsp;&nbsp;blockForResponse
<LI><a href="#[ff]">&gt;&gt;</a>&nbsp;&nbsp;&nbsp;wmi_socket_cmd
</UL>
<BR>[Called By]<UL><LI><a href="#[2cd]">&gt;&gt;</a>&nbsp;&nbsp;&nbsp;t_connect
</UL>

<P><STRONG><a name="[102]"></a>Api_easyconfigEvent</STRONG> (Thumb, 28 bytes, Stack size 24 bytes, api_wmi_rx.o(i.Api_easyconfigEvent))
<BR><BR>[Stack]<UL><LI>Max Depth = 76<LI>Call Chain = Api_easyconfigEvent &rArr; Custom_Api_easyconfigEvent &rArr; strncmp
</UL>
<BR>[Calls]<UL><LI><a href="#[103]">&gt;&gt;</a>&nbsp;&nbsp;&nbsp;Custom_Api_easyconfigEvent
</UL>
<BR>[Called By]<UL><LI><a href="#[343]">&gt;&gt;</a>&nbsp;&nbsp;&nbsp;wmi_easyconfig_event_rx
</UL>

<P><STRONG><a name="[104]"></a>Api_ipconfig</STRONG> (Thumb, 326 bytes, Stack size 192 bytes, api_stack_offload.o(i.Api_ipconfig))
<BR><BR>[Stack]<UL><LI>Max Depth = 472<LI>Call Chain = Api_ipconfig &rArr; wmi_socket_cmd &rArr; wmi_cmd_send &rArr; Api_WmiTxStart &rArr; Driver_SubmitTxRequestNoBlock &rArr; driver_lock_mutex &rArr; rw_lock_mutex &rArr; osMutexWait &rArr; xQueueGenericReceive &rArr; xTaskResumeAll &rArr; xTaskIncrementTick
</UL>
<BR>[Calls]<UL><LI><a href="#[fe]">&gt;&gt;</a>&nbsp;&nbsp;&nbsp;isSocketBlocked
<LI><a href="#[100]">&gt;&gt;</a>&nbsp;&nbsp;&nbsp;blockForResponse
<LI><a href="#[e8]">&gt;&gt;</a>&nbsp;&nbsp;&nbsp;a_netbuf_free
<LI><a href="#[ff]">&gt;&gt;</a>&nbsp;&nbsp;&nbsp;wmi_socket_cmd
<LI><a href="#[c1]">&gt;&gt;</a>&nbsp;&nbsp;&nbsp;__aeabi_memclr4
<LI><a href="#[105]">&gt;&gt;</a>&nbsp;&nbsp;&nbsp;strcpy
</UL>
<BR>[Called By]<UL><LI><a href="#[31b]">&gt;&gt;</a>&nbsp;&nbsp;&nbsp;t_ipconfig
</UL>

<P><STRONG><a name="[106]"></a>Api_ipconfig_dhcp_pool</STRONG> (Thumb, 80 bytes, Stack size 40 bytes, api_stack_offload.o(i.Api_ipconfig_dhcp_pool))
<BR><BR>[Stack]<UL><LI>Max Depth = 320<LI>Call Chain = Api_ipconfig_dhcp_pool &rArr; wmi_socket_cmd &rArr; wmi_cmd_send &rArr; Api_WmiTxStart &rArr; Driver_SubmitTxRequestNoBlock &rArr; driver_lock_mutex &rArr; rw_lock_mutex &rArr; osMutexWait &rArr; xQueueGenericReceive &rArr; xTaskResumeAll &rArr; xTaskIncrementTick
</UL>
<BR>[Calls]<UL><LI><a href="#[fe]">&gt;&gt;</a>&nbsp;&nbsp;&nbsp;isSocketBlocked
<LI><a href="#[ff]">&gt;&gt;</a>&nbsp;&nbsp;&nbsp;wmi_socket_cmd
</UL>
<BR>[Called By]<UL><LI><a href="#[31c]">&gt;&gt;</a>&nbsp;&nbsp;&nbsp;t_ipconfig_dhcp_pool
</UL>

<P><STRONG><a name="[107]"></a>Api_ipconfig_set_tcp_exponential_backoff_retry</STRONG> (Thumb, 64 bytes, Stack size 24 bytes, api_stack_offload.o(i.Api_ipconfig_set_tcp_exponential_backoff_retry))
<BR><BR>[Stack]<UL><LI>Max Depth = 304<LI>Call Chain = Api_ipconfig_set_tcp_exponential_backoff_retry &rArr; wmi_socket_cmd &rArr; wmi_cmd_send &rArr; Api_WmiTxStart &rArr; Driver_SubmitTxRequestNoBlock &rArr; driver_lock_mutex &rArr; rw_lock_mutex &rArr; osMutexWait &rArr; xQueueGenericReceive &rArr; xTaskResumeAll &rArr; xTaskIncrementTick
</UL>
<BR>[Calls]<UL><LI><a href="#[fe]">&gt;&gt;</a>&nbsp;&nbsp;&nbsp;isSocketBlocked
<LI><a href="#[ff]">&gt;&gt;</a>&nbsp;&nbsp;&nbsp;wmi_socket_cmd
</UL>
<BR>[Called By]<UL><LI><a href="#[2a6]">&gt;&gt;</a>&nbsp;&nbsp;&nbsp;custom_ipconfig_set_tcp_exponential_backoff_retry
</UL>

<P><STRONG><a name="[108]"></a>Api_shutdown</STRONG> (Thumb, 198 bytes, Stack size 32 bytes, api_stack_offload.o(i.Api_shutdown))
<BR><BR>[Stack]<UL><LI>Max Depth = 312<LI>Call Chain = Api_shutdown &rArr; wmi_socket_cmd &rArr; wmi_cmd_send &rArr; Api_WmiTxStart &rArr; Driver_SubmitTxRequestNoBlock &rArr; driver_lock_mutex &rArr; rw_lock_mutex &rArr; osMutexWait &rArr; xQueueGenericReceive &rArr; xTaskResumeAll &rArr; xTaskIncrementTick
</UL>
<BR>[Calls]<UL><LI><a href="#[fe]">&gt;&gt;</a>&nbsp;&nbsp;&nbsp;isSocketBlocked
<LI><a href="#[100]">&gt;&gt;</a>&nbsp;&nbsp;&nbsp;blockForResponse
<LI><a href="#[ff]">&gt;&gt;</a>&nbsp;&nbsp;&nbsp;wmi_socket_cmd
<LI><a href="#[109]">&gt;&gt;</a>&nbsp;&nbsp;&nbsp;a_netbuf_purge_queue
<LI><a href="#[ed]">&gt;&gt;</a>&nbsp;&nbsp;&nbsp;clear_socket_context
</UL>
<BR>[Called By]<UL><LI><a href="#[327]">&gt;&gt;</a>&nbsp;&nbsp;&nbsp;t_shutdown
</UL>

<P><STRONG><a name="[10a]"></a>Api_socket</STRONG> (Thumb, 256 bytes, Stack size 48 bytes, api_stack_offload.o(i.Api_socket))
<BR><BR>[Stack]<UL><LI>Max Depth = 328<LI>Call Chain = Api_socket &rArr; wmi_socket_cmd &rArr; wmi_cmd_send &rArr; Api_WmiTxStart &rArr; Driver_SubmitTxRequestNoBlock &rArr; driver_lock_mutex &rArr; rw_lock_mutex &rArr; osMutexWait &rArr; xQueueGenericReceive &rArr; xTaskResumeAll &rArr; xTaskIncrementTick
</UL>
<BR>[Calls]<UL><LI><a href="#[100]">&gt;&gt;</a>&nbsp;&nbsp;&nbsp;blockForResponse
<LI><a href="#[ff]">&gt;&gt;</a>&nbsp;&nbsp;&nbsp;wmi_socket_cmd
<LI><a href="#[ec]">&gt;&gt;</a>&nbsp;&nbsp;&nbsp;find_socket_context
<LI><a href="#[ed]">&gt;&gt;</a>&nbsp;&nbsp;&nbsp;clear_socket_context
</UL>
<BR>[Called By]<UL><LI><a href="#[328]">&gt;&gt;</a>&nbsp;&nbsp;&nbsp;t_socket
</UL>

<P><STRONG><a name="[10e]"></a>BSP_SD_GetCardInfo</STRONG> (Thumb, 8 bytes, Stack size 0 bytes, bsp_driver_sd.o(i.BSP_SD_GetCardInfo))
<BR><BR>[Calls]<UL><LI><a href="#[10f]">&gt;&gt;</a>&nbsp;&nbsp;&nbsp;HAL_SD_GetCardInfo
</UL>
<BR>[Called By]<UL><LI><a href="#[94]">&gt;&gt;</a>&nbsp;&nbsp;&nbsp;SD_ioctl
</UL>

<P><STRONG><a name="[110]"></a>BSP_SD_GetCardState</STRONG> (Thumb, 20 bytes, Stack size 8 bytes, bsp_driver_sd.o(i.BSP_SD_GetCardState))
<BR><BR>[Stack]<UL><LI>Max Depth = 152<LI>Call Chain = BSP_SD_GetCardState &rArr; HAL_SD_GetCardState &rArr; SDMMC_CmdSendStatus &rArr; SDMMC_GetCmdResp1 &rArr; SDIO_GetResponse &rArr; assert_failed &rArr; osDelay &rArr; vTaskDelay &rArr; xTaskResumeAll &rArr; xTaskIncrementTick
</UL>
<BR>[Calls]<UL><LI><a href="#[111]">&gt;&gt;</a>&nbsp;&nbsp;&nbsp;HAL_SD_GetCardState
</UL>
<BR>[Called By]<UL><LI><a href="#[93]">&gt;&gt;</a>&nbsp;&nbsp;&nbsp;SD_write
<LI><a href="#[92]">&gt;&gt;</a>&nbsp;&nbsp;&nbsp;SD_read
<LI><a href="#[260]">&gt;&gt;</a>&nbsp;&nbsp;&nbsp;SD_CheckStatus
</UL>

<P><STRONG><a name="[112]"></a>BSP_SD_Init</STRONG> (Thumb, 48 bytes, Stack size 16 bytes, bsp_driver_sd.o(i.BSP_SD_Init))
<BR><BR>[Stack]<UL><LI>Max Depth = 264<LI>Call Chain = BSP_SD_Init &rArr; HAL_SD_Init &rArr; HAL_SD_InitCard &rArr; SD_InitCard &rArr; SDMMC_CmdSetRelAdd &rArr; SDMMC_GetCmdResp6 &rArr; SDIO_GetResponse &rArr; assert_failed &rArr; osDelay &rArr; vTaskDelay &rArr; xTaskResumeAll &rArr; xTaskIncrementTick
</UL>
<BR>[Calls]<UL><LI><a href="#[113]">&gt;&gt;</a>&nbsp;&nbsp;&nbsp;HAL_SD_Init
<LI><a href="#[114]">&gt;&gt;</a>&nbsp;&nbsp;&nbsp;HAL_SD_ConfigWideBusOperation
</UL>
<BR>[Called By]<UL><LI><a href="#[90]">&gt;&gt;</a>&nbsp;&nbsp;&nbsp;SD_initialize
</UL>

<P><STRONG><a name="[115]"></a>BSP_SD_ReadBlocks_DMA</STRONG> (Thumb, 24 bytes, Stack size 8 bytes, bsp_driver_sd.o(i.BSP_SD_ReadBlocks_DMA))
[...]
<BR><BR>[Stack]<UL><LI>Max Depth = 224<LI>Call Chain = wmi_ready_event_rx &rArr; Api_ReadyEvent &rArr; Custom_Api_ReadyEvent &rArr; Custom_Driver_WakeUser &rArr; rw_post_sem &rArr; osSemaphoreRelease &rArr; xQueueGenericSend &rArr; xTaskResumeAll &rArr; xTaskIncrementTick
</UL>
<BR>[Calls]<UL><LI><a href="#[df]">&gt;&gt;</a>&nbsp;&nbsp;&nbsp;Api_ReadyEvent
</UL>
<BR>[Called By]<UL><LI><a href="#[e2]">&gt;&gt;</a>&nbsp;&nbsp;&nbsp;wmi_control_rx
</UL>

<P><STRONG><a name="[33b]"></a>wmi_regDomain_event_rx</STRONG> (Thumb, 34 bytes, Stack size 24 bytes, wmi.o(i.wmi_regDomain_event_rx))
<BR><BR>[Stack]<UL><LI>Max Depth = 24<LI>Call Chain = wmi_regDomain_event_rx
</UL>
<BR>[Calls]<UL><LI><a href="#[348]">&gt;&gt;</a>&nbsp;&nbsp;&nbsp;Api_RegDomainEvent
</UL>
<BR>[Called By]<UL><LI><a href="#[e2]">&gt;&gt;</a>&nbsp;&nbsp;&nbsp;wmi_control_rx
</UL>

<P><STRONG><a name="[33a]"></a>wmi_rsna_4way_rx</STRONG> (Thumb, 42 bytes, Stack size 24 bytes, wmi.o(i.wmi_rsna_4way_rx))
<BR><BR>[Stack]<UL><LI>Max Depth = 232<LI>Call Chain = wmi_rsna_4way_rx &rArr; Api_RSNASuccessEvent &rArr; Custom_Api_RSNASuccessEvent &rArr; driver_lock_mutex &rArr; rw_lock_mutex &rArr; osMutexWait &rArr; xQueueGenericReceive &rArr; xTaskResumeAll &rArr; xTaskIncrementTick
</UL>
<BR>[Calls]<UL><LI><a href="#[dd]">&gt;&gt;</a>&nbsp;&nbsp;&nbsp;Api_RSNASuccessEvent
</UL>
<BR>[Called By]<UL><LI><a href="#[e2]">&gt;&gt;</a>&nbsp;&nbsp;&nbsp;wmi_control_rx
</UL>

<P><STRONG><a name="[33c]"></a>wmi_scanComplete_rx</STRONG> (Thumb, 32 bytes, Stack size 24 bytes, wmi.o(i.wmi_scanComplete_rx))
<BR><BR>[Stack]<UL><LI>Max Depth = 312<LI>Call Chain = wmi_scanComplete_rx &rArr; Api_ScanCompleteEvent &rArr; wmi_bssfilter_cmd &rArr; wmi_cmd_send &rArr; Api_WmiTxStart &rArr; Driver_SubmitTxRequestNoBlock &rArr; driver_lock_mutex &rArr; rw_lock_mutex &rArr; osMutexWait &rArr; xQueueGenericReceive &rArr; xTaskResumeAll &rArr; xTaskIncrementTick
</UL>
<BR>[Calls]<UL><LI><a href="#[e9]">&gt;&gt;</a>&nbsp;&nbsp;&nbsp;Api_ScanCompleteEvent
</UL>
<BR>[Called By]<UL><LI><a href="#[e2]">&gt;&gt;</a>&nbsp;&nbsp;&nbsp;wmi_control_rx
</UL>

<P><STRONG><a name="[345]"></a>wmi_simple_cmd</STRONG> (Thumb, 34 bytes, Stack size 16 bytes, wmi.o(i.wmi_simple_cmd))
<BR><BR>[Stack]<UL><LI>Max Depth = 264<LI>Call Chain = wmi_simple_cmd &rArr; wmi_cmd_send &rArr; Api_WmiTxStart &rArr; Driver_SubmitTxRequestNoBlock &rArr; driver_lock_mutex &rArr; rw_lock_mutex &rArr; osMutexWait &rArr; xQueueGenericReceive &rArr; xTaskResumeAll &rArr; xTaskIncrementTick
</UL>
<BR>[Calls]<UL><LI><a href="#[2ae]">&gt;&gt;</a>&nbsp;&nbsp;&nbsp;a_netbuf_alloc
<LI><a href="#[335]">&gt;&gt;</a>&nbsp;&nbsp;&nbsp;wmi_cmd_send
</UL>
<BR>[Called By]<UL><LI><a href="#[d2]">&gt;&gt;</a>&nbsp;&nbsp;&nbsp;wmi_disconnect_cmd
<LI><a href="#[2b8]">&gt;&gt;</a>&nbsp;&nbsp;&nbsp;wmi_get_stats_cmd
<LI><a href="#[2ba]">&gt;&gt;</a>&nbsp;&nbsp;&nbsp;wmi_get_pmk_cmd
</UL>

<P><STRONG><a name="[33e]"></a>wmi_statsEvent_rx</STRONG> (Thumb, 22 bytes, Stack size 16 bytes, wmi.o(i.wmi_statsEvent_rx))
<BR><BR>[Stack]<UL><LI>Max Depth = 176<LI>Call Chain = wmi_statsEvent_rx &rArr; Api_TargetStatsEvent &rArr; Custom_Driver_WakeUser &rArr; rw_post_sem &rArr; osSemaphoreRelease &rArr; xQueueGenericSend &rArr; xTaskResumeAll &rArr; xTaskIncrementTick
</UL>
<BR>[Calls]<UL><LI><a href="#[ef]">&gt;&gt;</a>&nbsp;&nbsp;&nbsp;Api_TargetStatsEvent
</UL>
<BR>[Called By]<UL><LI><a href="#[e2]">&gt;&gt;</a>&nbsp;&nbsp;&nbsp;wmi_control_rx
</UL>

<P><STRONG><a name="[342]"></a>wmi_tkip_micerr_event_rx</STRONG> (Thumb, 36 bytes, Stack size 24 bytes, wmi.o(i.wmi_tkip_micerr_event_rx))
<BR><BR>[Stack]<UL><LI>Max Depth = 328<LI>Call Chain = wmi_tkip_micerr_event_rx &rArr; Api_TkipMicErrorEvent &rArr; wmi_disconnect_cmd &rArr; wmi_simple_cmd &rArr; wmi_cmd_send &rArr; Api_WmiTxStart &rArr; Driver_SubmitTxRequestNoBlock &rArr; driver_lock_mutex &rArr; rw_lock_mutex &rArr; osMutexWait &rArr; xQueueGenericReceive &rArr; xTaskResumeAll &rArr; xTaskIncrementTick
</UL>
<BR>[Calls]<UL><LI><a href="#[f0]">&gt;&gt;</a>&nbsp;&nbsp;&nbsp;Api_TkipMicErrorEvent
</UL>
<BR>[Called By]<UL><LI><a href="#[e2]">&gt;&gt;</a>&nbsp;&nbsp;&nbsp;wmi_control_rx
</UL>

<P><STRONG><a name="[340]"></a>wmi_wps_profile_event_rx</STRONG> (Thumb, 30 bytes, Stack size 24 bytes, wmi.o(i.wmi_wps_profile_event_rx))
<BR><BR>[Stack]<UL><LI>Max Depth = 352<LI>Call Chain = wmi_wps_profile_event_rx &rArr; Api_WpsProfileEvent &rArr; wmi_disconnect_cmd &rArr; wmi_simple_cmd &rArr; wmi_cmd_send &rArr; Api_WmiTxStart &rArr; Driver_SubmitTxRequestNoBlock &rArr; driver_lock_mutex &rArr; rw_lock_mutex &rArr; osMutexWait &rArr; xQueueGenericReceive &rArr; xTaskResumeAll &rArr; xTaskIncrementTick
</UL>
<BR>[Calls]<UL><LI><a href="#[fb]">&gt;&gt;</a>&nbsp;&nbsp;&nbsp;Api_WpsProfileEvent
</UL>
<BR>[Called By]<UL><LI><a href="#[e2]">&gt;&gt;</a>&nbsp;&nbsp;&nbsp;wmi_control_rx
</UL>

<P><STRONG><a name="[71]"></a>Atheros_Driver_Task</STRONG> (Thumb, 116 bytes, Stack size 24 bytes, cust_driver_main.o(i.Atheros_Driver_Task))
<BR><BR>[Stack]<UL><LI>Max Depth = 376<LI>Call Chain = Atheros_Driver_Task &rArr; Driver_Main &rArr; Driver_TxReady &rArr; Htc_GetCreditCounterUpdate &rArr; Htc_ReadCreditCounter &rArr; Hcd_DoPioExternalAccess &rArr; HandleExternalReadDone &rArr; Hcd_TransferData &rArr; Bus_InOutDescriptorSet &rArr; assert_func &rArr; _clean_filename
</UL>
<BR>[Calls]<UL><LI><a href="#[10b]">&gt;&gt;</a>&nbsp;&nbsp;&nbsp;rw_pend_sem
<LI><a href="#[d5]">&gt;&gt;</a>&nbsp;&nbsp;&nbsp;Custom_Driver_WakeUser
<LI><a href="#[d0]">&gt;&gt;</a>&nbsp;&nbsp;&nbsp;HW_MsecDelay
<LI><a href="#[10d]">&gt;&gt;</a>&nbsp;&nbsp;&nbsp;Driver_DeInit
<LI><a href="#[10c]">&gt;&gt;</a>&nbsp;&nbsp;&nbsp;Driver_Main
</UL>
<BR>[Address Reference Count : 1]<UL><LI> cust_driver_main.o(i.Custom_Driver_CreateThread)
</UL>
<P><STRONG><a name="[72]"></a>Custom_FreeRxRequest</STRONG> (Thumb, 2 bytes, Stack size 0 bytes, cust_driver_main.o(i.Custom_FreeRxRequest))
<BR>[Address Reference Count : 1]<UL><LI> cust_driver_main.o(i.Custom_GetRxRequest)
</UL>
<P><STRONG><a name="[b9]"></a>driver_lock_mutex</STRONG> (Thumb, 24 bytes, Stack size 8 bytes, api_wmi_rx.o(i.driver_lock_mutex))
<BR><BR>[Stack]<UL><LI>Max Depth = 152<LI>Call Chain = driver_lock_mutex &rArr; rw_lock_mutex &rArr; osMutexWait &rArr; xQueueGenericReceive &rArr; xTaskResumeAll &rArr; xTaskIncrementTick
</UL>
<BR>[Calls]<UL><LI><a href="#[145]">&gt;&gt;</a>&nbsp;&nbsp;&nbsp;rw_lock_mutex
</UL>
<BR>[Called By]<UL><LI><a href="#[fb]">&gt;&gt;</a>&nbsp;&nbsp;&nbsp;Api_WpsProfileEvent
<LI><a href="#[ce]">&gt;&gt;</a>&nbsp;&nbsp;&nbsp;Api_DisconnectEvent
<LI><a href="#[b8]">&gt;&gt;</a>&nbsp;&nbsp;&nbsp;Api_ConnectEvent
</UL>

<P><STRONG><a name="[ba]"></a>driver_unlock_mutex</STRONG> (Thumb, 22 bytes, Stack size 8 bytes, api_wmi_rx.o(i.driver_unlock_mutex))
<BR><BR>[Stack]<UL><LI>Max Depth = 144<LI>Call Chain = driver_unlock_mutex &rArr; rw_unlock_mutex &rArr; osMutexRelease &rArr; xQueueGenericSend &rArr; xTaskResumeAll &rArr; xTaskIncrementTick
</UL>
<BR>[Calls]<UL><LI><a href="#[147]">&gt;&gt;</a>&nbsp;&nbsp;&nbsp;rw_unlock_mutex
</UL>
<BR>[Called By]<UL><LI><a href="#[fb]">&gt;&gt;</a>&nbsp;&nbsp;&nbsp;Api_WpsProfileEvent
<LI><a href="#[ce]">&gt;&gt;</a>&nbsp;&nbsp;&nbsp;Api_DisconnectEvent
<LI><a href="#[b8]">&gt;&gt;</a>&nbsp;&nbsp;&nbsp;Api_ConnectEvent
</UL>

<P><STRONG><a name="[163]"></a>driver_lock_mutex</STRONG> (Thumb, 24 bytes, Stack size 8 bytes, driver_main.o(i.driver_lock_mutex))
<BR><BR>[Stack]<UL><LI>Max Depth = 152<LI>Call Chain = driver_lock_mutex &rArr; rw_lock_mutex &rArr; osMutexWait &rArr; xQueueGenericReceive &rArr; xTaskResumeAll &rArr; xTaskIncrementTick
</UL>
<BR>[Calls]<UL><LI><a href="#[145]">&gt;&gt;</a>&nbsp;&nbsp;&nbsp;rw_lock_mutex
</UL>
<BR>[Called By]<UL><LI><a href="#[162]">&gt;&gt;</a>&nbsp;&nbsp;&nbsp;Driver_DropTxDataPackets
<LI><a href="#[10c]">&gt;&gt;</a>&nbsp;&nbsp;&nbsp;Driver_Main
</UL>

<P><STRONG><a name="[164]"></a>driver_unlock_mutex</STRONG> (Thumb, 22 bytes, Stack size 8 bytes, driver_main.o(i.driver_unlock_mutex))
<BR><BR>[Stack]<UL><LI>Max Depth = 144<LI>Call Chain = driver_unlock_mutex &rArr; rw_unlock_mutex &rArr; osMutexRelease &rArr; xQueueGenericSend &rArr; xTaskResumeAll &rArr; xTaskIncrementTick
</UL>
<BR>[Calls]<UL><LI><a href="#[147]">&gt;&gt;</a>&nbsp;&nbsp;&nbsp;rw_unlock_mutex
</UL>
<BR>[Called By]<UL><LI><a href="#[162]">&gt;&gt;</a>&nbsp;&nbsp;&nbsp;Driver_DropTxDataPackets
<LI><a href="#[10c]">&gt;&gt;</a>&nbsp;&nbsp;&nbsp;Driver_Main
</UL>

<P><STRONG><a name="[11e]"></a>ConfigureByteSwap</STRONG> (Thumb, 100 bytes, Stack size 16 bytes, spi_hcd.o(i.ConfigureByteSwap))
<BR><BR>[Stack]<UL><LI>Max Depth = 88<LI>Call Chain = ConfigureByteSwap &rArr; DoPioWriteInternal &rArr; Bus_InOutToken
</UL>
<BR>[Calls]<UL><LI><a href="#[e6]">&gt;&gt;</a>&nbsp;&nbsp;&nbsp;assert_func
<LI><a href="#[11f]">&gt;&gt;</a>&nbsp;&nbsp;&nbsp;DoPioWriteInternal
</UL>
<BR>[Called By]<UL><LI><a href="#[17b]">&gt;&gt;</a>&nbsp;&nbsp;&nbsp;Hcd_Request
</UL>

<P><STRONG><a name="[14e]"></a>DoDMAOp</STRONG> (Thumb, 196 bytes, Stack size 24 bytes, spi_hcd.o(i.DoDMAOp))
<BR><BR>[Stack]<UL><LI>Max Depth = 216<LI>Call Chain = DoDMAOp &rArr; EnableDisableSPIIRQHwDetect &rArr; HW_EnableDisableSPIIRQ &rArr; rw_lock_mutex &rArr; osMutexWait &rArr; xQueueGenericReceive &rArr; xTaskResumeAll &rArr; xTaskIncrementTick
</UL>
<BR>[Calls]<UL><LI><a href="#[150]">&gt;&gt;</a>&nbsp;&nbsp;&nbsp;Bus_InOutToken
<LI><a href="#[14f]">&gt;&gt;</a>&nbsp;&nbsp;&nbsp;MaskSPIInterrupts
<LI><a href="#[151]">&gt;&gt;</a>&nbsp;&nbsp;&nbsp;Hcd_TransferData
<LI><a href="#[152]">&gt;&gt;</a>&nbsp;&nbsp;&nbsp;EnableDisableSPIIRQHwDetect
<LI><a href="#[11f]">&gt;&gt;</a>&nbsp;&nbsp;&nbsp;DoPioWriteInternal
<LI><a href="#[153]">&gt;&gt;</a>&nbsp;&nbsp;&nbsp;Hcd_UnmaskSPIInterrupts
</UL>
<BR>[Called By]<UL><LI><a href="#[17b]">&gt;&gt;</a>&nbsp;&nbsp;&nbsp;Hcd_Request
</UL>

<P><STRONG><a name="[154]"></a>DoPioReadInternal</STRONG> (Thumb, 100 bytes, Stack size 24 bytes, spi_hcd.o(i.DoPioReadInternal))
<BR><BR>[Stack]<UL><LI>Max Depth = 72<LI>Call Chain = DoPioReadInternal &rArr; Bus_InOutToken
</UL>
<BR>[Calls]<UL><LI><a href="#[150]">&gt;&gt;</a>&nbsp;&nbsp;&nbsp;Bus_InOutToken
</UL>
<BR>[Called By]<UL><LI><a href="#[167]">&gt;&gt;</a>&nbsp;&nbsp;&nbsp;Hcd_Init
<LI><a href="#[178]">&gt;&gt;</a>&nbsp;&nbsp;&nbsp;Hcd_DoPioExternalAccess
<LI><a href="#[16e]">&gt;&gt;</a>&nbsp;&nbsp;&nbsp;Hcd_SpiInterrupt
<LI><a href="#[188]">&gt;&gt;</a>&nbsp;&nbsp;&nbsp;Hcd_RefreshWriteBufferSpace
<LI><a href="#[189]">&gt;&gt;</a>&nbsp;&nbsp;&nbsp;Hcd_ProgramWriteBufferWaterMark
<LI><a href="#[180]">&gt;&gt;</a>&nbsp;&nbsp;&nbsp;Hcd_GetLookAhead
<LI><a href="#[17f]">&gt;&gt;</a>&nbsp;&nbsp;&nbsp;Hcd_DoPioInternalAccess
</UL>

<P><STRONG><a name="[11f]"></a>DoPioWriteInternal</STRONG> (Thumb, 84 bytes, Stack size 24 bytes, spi_hcd.o(i.DoPioWriteInternal))
<BR><BR>[Stack]<UL><LI>Max Depth = 72<LI>Call Chain = DoPioWriteInternal &rArr; Bus_InOutToken
</UL>
<BR>[Calls]<UL><LI><a href="#[150]">&gt;&gt;</a>&nbsp;&nbsp;&nbsp;Bus_InOutToken
</UL>
<BR>[Called By]<UL><LI><a href="#[167]">&gt;&gt;</a>&nbsp;&nbsp;&nbsp;Hcd_Init
<LI><a href="#[15c]">&gt;&gt;</a>&nbsp;&nbsp;&nbsp;Hcd_Deinitialize
<LI><a href="#[178]">&gt;&gt;</a>&nbsp;&nbsp;&nbsp;Hcd_DoPioExternalAccess
<LI><a href="#[227]">&gt;&gt;</a>&nbsp;&nbsp;&nbsp;ResetWriteBufferWaterMark
<LI><a href="#[14f]">&gt;&gt;</a>&nbsp;&nbsp;&nbsp;MaskSPIInterrupts
<LI><a href="#[152]">&gt;&gt;</a>&nbsp;&nbsp;&nbsp;EnableDisableSPIIRQHwDetect
<LI><a href="#[14e]">&gt;&gt;</a>&nbsp;&nbsp;&nbsp;DoDMAOp
<LI><a href="#[11e]">&gt;&gt;</a>&nbsp;&nbsp;&nbsp;ConfigureByteSwap
<LI><a href="#[153]">&gt;&gt;</a>&nbsp;&nbsp;&nbsp;Hcd_UnmaskSPIInterrupts
<LI><a href="#[16e]">&gt;&gt;</a>&nbsp;&nbsp;&nbsp;Hcd_SpiInterrupt
<LI><a href="#[189]">&gt;&gt;</a>&nbsp;&nbsp;&nbsp;Hcd_ProgramWriteBufferWaterMark
<LI><a href="#[17f]">&gt;&gt;</a>&nbsp;&nbsp;&nbsp;Hcd_DoPioInternalAccess
</UL>

<P><STRONG><a name="[152]"></a>EnableDisableSPIIRQHwDetect</STRONG> (Thumb, 98 bytes, Stack size 16 bytes, spi_hcd.o(i.EnableDisableSPIIRQHwDetect))
<BR><BR>[Stack]<UL><LI>Max Depth = 192<LI>Call Chain = EnableDisableSPIIRQHwDetect &rArr; HW_EnableDisableSPIIRQ &rArr; rw_lock_mutex &rArr; osMutexWait &rArr; xQueueGenericReceive &rArr; xTaskResumeAll &rArr; xTaskIncrementTick
</UL>
<BR>[Calls]<UL><LI><a href="#[18c]">&gt;&gt;</a>&nbsp;&nbsp;&nbsp;HW_EnableDisableSPIIRQ
<LI><a href="#[e6]">&gt;&gt;</a>&nbsp;&nbsp;&nbsp;assert_func
<LI><a href="#[11f]">&gt;&gt;</a>&nbsp;&nbsp;&nbsp;DoPioWriteInternal
</UL>
<BR>[Called By]<UL><LI><a href="#[167]">&gt;&gt;</a>&nbsp;&nbsp;&nbsp;Hcd_Init
<LI><a href="#[14e]">&gt;&gt;</a>&nbsp;&nbsp;&nbsp;DoDMAOp
<LI><a href="#[16e]">&gt;&gt;</a>&nbsp;&nbsp;&nbsp;Hcd_SpiInterrupt
</UL>

<P><STRONG><a name="[226]"></a>HandleExternalReadDone</STRONG> (Thumb, 56 bytes, Stack size 16 bytes, spi_hcd.o(i.HandleExternalReadDone))
<BR><BR>[Stack]<UL><LI>Max Depth = 112<LI>Call Chain = HandleExternalReadDone &rArr; Hcd_TransferData &rArr; Bus_InOutDescriptorSet &rArr; assert_func &rArr; _clean_filename
</UL>
<BR>[Calls]<UL><LI><a href="#[150]">&gt;&gt;</a>&nbsp;&nbsp;&nbsp;Bus_InOutToken
<LI><a href="#[e6]">&gt;&gt;</a>&nbsp;&nbsp;&nbsp;assert_func
<LI><a href="#[151]">&gt;&gt;</a>&nbsp;&nbsp;&nbsp;Hcd_TransferData
</UL>
<BR>[Called By]<UL><LI><a href="#[178]">&gt;&gt;</a>&nbsp;&nbsp;&nbsp;Hcd_DoPioExternalAccess
</UL>

<P><STRONG><a name="[151]"></a>Hcd_TransferData</STRONG> (Thumb, 16 bytes, Stack size 16 bytes, spi_hcd.o(i.Hcd_TransferData))
<BR><BR>[Stack]<UL><LI>Max Depth = 96<LI>Call Chain = Hcd_TransferData &rArr; Bus_InOutDescriptorSet &rArr; assert_func &rArr; _clean_filename
</UL>
<BR>[Calls]<UL><LI><a href="#[119]">&gt;&gt;</a>&nbsp;&nbsp;&nbsp;Bus_InOutDescriptorSet
</UL>
<BR>[Called By]<UL><LI><a href="#[178]">&gt;&gt;</a>&nbsp;&nbsp;&nbsp;Hcd_DoPioExternalAccess
<LI><a href="#[226]">&gt;&gt;</a>&nbsp;&nbsp;&nbsp;HandleExternalReadDone
<LI><a href="#[14e]">&gt;&gt;</a>&nbsp;&nbsp;&nbsp;DoDMAOp
</UL>

<P><STRONG><a name="[14f]"></a>MaskSPIInterrupts</STRONG> (Thumb, 56 bytes, Stack size 16 bytes, spi_hcd.o(i.MaskSPIInterrupts))
<BR><BR>[Stack]<UL><LI>Max Depth = 88 + In Cycle
<LI>Call Chain = MaskSPIInterrupts &rArr;  Hcd_UnmaskSPIInterrupts (Cycle)
</UL>
<BR>[Calls]<UL><LI><a href="#[11f]">&gt;&gt;</a>&nbsp;&nbsp;&nbsp;DoPioWriteInternal
<LI><a href="#[153]">&gt;&gt;</a>&nbsp;&nbsp;&nbsp;Hcd_UnmaskSPIInterrupts
</UL>
<BR>[Called By]<UL><LI><a href="#[14e]">&gt;&gt;</a>&nbsp;&nbsp;&nbsp;DoDMAOp
<LI><a href="#[153]">&gt;&gt;</a>&nbsp;&nbsp;&nbsp;Hcd_UnmaskSPIInterrupts
<LI><a href="#[16e]">&gt;&gt;</a>&nbsp;&nbsp;&nbsp;Hcd_SpiInterrupt
</UL>

<P><STRONG><a name="[227]"></a>ResetWriteBufferWaterMark</STRONG> (Thumb, 40 bytes, Stack size 16 bytes, spi_hcd.o(i.ResetWriteBufferWaterMark))
<BR><BR>[Stack]<UL><LI>Max Depth = 88<LI>Call Chain = ResetWriteBufferWaterMark &rArr; DoPioWriteInternal &rArr; Bus_InOutToken
</UL>
<BR>[Calls]<UL><LI><a href="#[11f]">&gt;&gt;</a>&nbsp;&nbsp;&nbsp;DoPioWriteInternal
</UL>
<BR>[Called By]<UL><LI><a href="#[167]">&gt;&gt;</a>&nbsp;&nbsp;&nbsp;Hcd_Init
<LI><a href="#[16e]">&gt;&gt;</a>&nbsp;&nbsp;&nbsp;Hcd_SpiInterrupt
<LI><a href="#[189]">&gt;&gt;</a>&nbsp;&nbsp;&nbsp;Hcd_ProgramWriteBufferWaterMark
</UL>

<P><STRONG><a name="[225]"></a>Htc_DistributeCredits</STRONG> (Thumb, 82 bytes, Stack size 8 bytes, htc.o(i.Htc_DistributeCredits))
<BR><BR>[Stack]<UL><LI>Max Depth = 8<LI>Call Chain = Htc_DistributeCredits
</UL>
<BR>[Called By]<UL><LI><a href="#[16d]">&gt;&gt;</a>&nbsp;&nbsp;&nbsp;HTC_Start
<LI><a href="#[170]">&gt;&gt;</a>&nbsp;&nbsp;&nbsp;HTC_ProcessCpuInterrupt
</UL>

<P><STRONG><a name="[22a]"></a>Htc_ProcessCreditRpt</STRONG> (Thumb, 136 bytes, Stack size 32 bytes, htc.o(i.Htc_ProcessCreditRpt))
<BR><BR>[Stack]<UL><LI>Max Depth = 64<LI>Call Chain = Htc_ProcessCreditRpt &rArr; assert_func &rArr; _clean_filename
</UL>
<BR>[Calls]<UL><LI><a href="#[e6]">&gt;&gt;</a>&nbsp;&nbsp;&nbsp;assert_func
<LI><a href="#[186]">&gt;&gt;</a>&nbsp;&nbsp;&nbsp;Util_GetEndpoint
</UL>
<BR>[Called By]<UL><LI><a href="#[22c]">&gt;&gt;</a>&nbsp;&nbsp;&nbsp;Htc_ProcessTrailer
</UL>

<P><STRONG><a name="[22c]"></a>Htc_ProcessTrailer</STRONG> (Thumb, 210 bytes, Stack size 40 bytes, htc.o(i.Htc_ProcessTrailer))
<BR><BR>[Stack]<UL><LI>Max Depth = 104<LI>Call Chain = Htc_ProcessTrailer &rArr; Htc_ProcessCreditRpt &rArr; assert_func &rArr; _clean_filename
</UL>
<BR>[Calls]<UL><LI><a href="#[e6]">&gt;&gt;</a>&nbsp;&nbsp;&nbsp;assert_func
<LI><a href="#[22a]">&gt;&gt;</a>&nbsp;&nbsp;&nbsp;Htc_ProcessCreditRpt
</UL>
<BR>[Called By]<UL><LI><a href="#[17d]">&gt;&gt;</a>&nbsp;&nbsp;&nbsp;Htc_ProcessRecvHeader
</UL>

<P><STRONG><a name="[125]"></a>driver_lock_mutex</STRONG> (Thumb, 24 bytes, Stack size 8 bytes, cust_api_wmi_rx.o(i.driver_lock_mutex))
<BR><BR>[Stack]<UL><LI>Max Depth = 152<LI>Call Chain = driver_lock_mutex &rArr; rw_lock_mutex &rArr; osMutexWait &rArr; xQueueGenericReceive &rArr; xTaskResumeAll &rArr; xTaskIncrementTick
</UL>
<BR>[Calls]<UL><LI><a href="#[145]">&gt;&gt;</a>&nbsp;&nbsp;&nbsp;rw_lock_mutex
</UL>
<BR>[Called By]<UL><LI><a href="#[de]">&gt;&gt;</a>&nbsp;&nbsp;&nbsp;Custom_Api_RSNASuccessEvent
<LI><a href="#[cf]">&gt;&gt;</a>&nbsp;&nbsp;&nbsp;Custom_Api_DisconnectEvent
<LI><a href="#[bc]">&gt;&gt;</a>&nbsp;&nbsp;&nbsp;Custom_Api_ConnectEvent
</UL>

<P><STRONG><a name="[126]"></a>driver_unlock_mutex</STRONG> (Thumb, 22 bytes, Stack size 8 bytes, cust_api_wmi_rx.o(i.driver_unlock_mutex))
<BR><BR>[Stack]<UL><LI>Max Depth = 144<LI>Call Chain = driver_unlock_mutex &rArr; rw_unlock_mutex &rArr; osMutexRelease &rArr; xQueueGenericSend &rArr; xTaskResumeAll &rArr; xTaskIncrementTick
</UL>
<BR>[Calls]<UL><LI><a href="#[147]">&gt;&gt;</a>&nbsp;&nbsp;&nbsp;rw_unlock_mutex
</UL>
<BR>[Called By]<UL><LI><a href="#[de]">&gt;&gt;</a>&nbsp;&nbsp;&nbsp;Custom_Api_RSNASuccessEvent
<LI><a href="#[cf]">&gt;&gt;</a>&nbsp;&nbsp;&nbsp;Custom_Api_DisconnectEvent
<LI><a href="#[bc]">&gt;&gt;</a>&nbsp;&nbsp;&nbsp;Custom_Api_ConnectEvent
</UL>

<P><STRONG><a name="[124]"></a>fill_scan_info</STRONG> (Thumb, 396 bytes, Stack size 72 bytes, cust_api_wmi_rx.o(i.fill_scan_info))
<BR><BR>[Stack]<UL><LI>Max Depth = 152<LI>Call Chain = fill_scan_info &rArr; Api_ParseInfoElem &rArr; security_ie_parse &rArr; wpa_cipher_parse
</UL>
<BR>[Calls]<UL><LI><a href="#[da]">&gt;&gt;</a>&nbsp;&nbsp;&nbsp;Api_ParseInfoElem
<LI><a href="#[9b]">&gt;&gt;</a>&nbsp;&nbsp;&nbsp;__aeabi_memclr
<LI><a href="#[d4]">&gt;&gt;</a>&nbsp;&nbsp;&nbsp;__aeabi_memcpy
</UL>
<BR>[Called By]<UL><LI><a href="#[b7]">&gt;&gt;</a>&nbsp;&nbsp;&nbsp;Custom_Api_BssInfoEvent
</UL>

<P><STRONG><a name="[295]"></a>_printf_core</STRONG> (Thumb, 996 bytes, Stack size 104 bytes, printf8.o(i._printf_core), UNUSED)
<BR><BR>[Calls]<UL><LI><a href="#[98]">&gt;&gt;</a>&nbsp;&nbsp;&nbsp;__aeabi_uldivmod
<LI><a href="#[2a2]">&gt;&gt;</a>&nbsp;&nbsp;&nbsp;_printf_pre_padding
<LI><a href="#[2a3]">&gt;&gt;</a>&nbsp;&nbsp;&nbsp;_printf_post_padding
</UL>
<BR>[Called By]<UL><LI><a href="#[296]">&gt;&gt;</a>&nbsp;&nbsp;&nbsp;__0sprintf$8
<LI><a href="#[294]">&gt;&gt;</a>&nbsp;&nbsp;&nbsp;__0printf$8
</UL>

<P><STRONG><a name="[2a3]"></a>_printf_post_padding</STRONG> (Thumb, 36 bytes, Stack size 24 bytes, printf8.o(i._printf_post_padding), UNUSED)
<BR><BR>[Called By]<UL><LI><a href="#[295]">&gt;&gt;</a>&nbsp;&nbsp;&nbsp;_printf_core
</UL>

<P><STRONG><a name="[2a2]"></a>_printf_pre_padding</STRONG> (Thumb, 46 bytes, Stack size 24 bytes, printf8.o(i._printf_pre_padding), UNUSED)
<BR><BR>[Called By]<UL><LI><a href="#[295]">&gt;&gt;</a>&nbsp;&nbsp;&nbsp;_printf_core
</UL>

<P><STRONG><a name="[7b]"></a>_sputc</STRONG> (Thumb, 10 bytes, Stack size 0 bytes, printf8.o(i._sputc))
<BR><BR>[Called By]<UL><LI><a href="#[296]">&gt;&gt;</a>&nbsp;&nbsp;&nbsp;__0sprintf$8
</UL>
<BR>[Address Reference Count : 1]<UL><LI> printf8.o(i.__0sprintf$8)
</UL><P>
<H3>
Undefined Global Symbols
</H3><HR></body></html>
